******************************************************************************
                  TI ARM Linker Unix v16.9.1                   
******************************************************************************
>> Linked Wed Sep 27 22:36:20 2017

OUTPUT FILE NAME:   <ZeeDK Timer.out>
ENTRY POINT SYMBOL: "_c_int00"  address: 00003805


MEMORY CONFIGURATION

         name            origin    length      used     unused   attr    fill
----------------------  --------  ---------  --------  --------  ----  --------
  FLASH                 00000000   00040000  0000399a  0003c666  R  X
  SRAM                  20000000   00008000  00000548  00007ab8  RW X


SEGMENT ALLOCATION MAP

run origin  load origin   length   init length attrs members
----------  ----------- ---------- ----------- ----- -------
00000000    00000000    0000399c   0000399c    r-x
  00000000    00000000    0000026c   0000026c    r-- .intvecs
  0000026c    0000026c    000036da   000036da    r-x .text
  00003948    00003948    00000054   00000054    r-- .cinit
20000000    20000000    00000548   00000000    rw-
  20000000    20000000    00000348   00000000    rw- .data
  20000348    20000348    00000200   00000000    rw- .stack


SECTION ALLOCATION MAP

 output                                  attributes/
section   page    origin      length       input sections
--------  ----  ----------  ----------   ----------------
.intvecs   0    00000000    0000026c     
                  00000000    0000026c     startup_ti_tm4c123gh6pm.obj (.intvecs)

.text      0    0000026c    000036da     
                  0000026c    00001af0     ZeeDK Lib.lib : gpio.obj (.text)
                  00001d5c    00000ca8                   : timer.obj (.text)
                  00002a04    00000bb8                   : interrupt.obj (.text)
                  000035bc    000000d4     timer.obj (.text)
                  00003690    0000009c     rtsv7M4_T_le_v4SPD16_eabi.lib : memcpy_t2.obj (.text)
                  0000372c    00000070                                   : autoinit.obj (.text)
                  0000379c    00000068                                   : copy_decompress_lzss.obj (.text:decompress:lzss)
                  00003804    00000054                                   : boot.obj (.text)
                  00003858    00000054                                   : exit.obj (.text)
                  000038ac    0000004c                                   : cpy_tbl.obj (.text)
                  000038f8    00000018                                   : args_main.obj (.text)
                  00003910    00000014                                   : _lock.obj (.text)
                  00003924    0000000e                                   : copy_decompress_none.obj (.text:decompress:none)
                  00003932    0000000c     startup_ti_tm4c123gh6pm.obj (.text)
                  0000393e    00000004     rtsv7M4_T_le_v4SPD16_eabi.lib : pre_init.obj (.text)
                  00003942    00000002                                   : mpu_init.obj (.text)
                  00003944    00000002                                   : startup.obj (.text)

.cinit     0    00003948    00000054     
                  00003948    00000044     (.cinit..data.load) [load image, compression = lzss]
                  0000398c    00000008     (__TI_handler_table)
                  00003994    00000008     (__TI_cinit_table)

.init_array 
*          0    00000000    00000000     UNINITIALIZED

.data      0    20000000    00000348     UNINITIALIZED
                  20000000    00000268     ZeeDK Lib.lib : interrupt.obj (.data:vector_table)
                  20000268    00000020                   : interrupt.obj (.data:intr_isr_gpio_porta_vect)
                  20000288    00000020                   : interrupt.obj (.data:intr_isr_gpio_portb_vect)
                  200002a8    00000020                   : interrupt.obj (.data:intr_isr_gpio_portc_vect)
                  200002c8    00000020                   : interrupt.obj (.data:intr_isr_gpio_portd_vect)
                  200002e8    00000020                   : interrupt.obj (.data:intr_isr_gpio_porte_vect)
                  20000308    00000020                   : interrupt.obj (.data:intr_isr_gpio_portf_vect)
                  20000328    0000000c     rtsv7M4_T_le_v4SPD16_eabi.lib : exit.obj (.data:$O1$$)
                  20000334    00000008                                   : _lock.obj (.data:$O1$$)
                  2000033c    00000008     ZeeDK Lib.lib : interrupt.obj (.data)
                  20000344    00000004     rtsv7M4_T_le_v4SPD16_eabi.lib : stkdepth_vars.obj (.data)

.stack     0    20000348    00000200     UNINITIALIZED
                  20000348    00000200     --HOLE--

MODULE SUMMARY

       Module                        code    ro data   rw data
       ------                        ----    -------   -------
    ./
       startup_ti_tm4c123gh6pm.obj   12      620       0      
       timer.obj                     212     0         0      
    +--+-----------------------------+-------+---------+---------+
       Total:                        224     620       0      
                                                              
    /home/ahmed/.ti/ccsv7/tools/compiler/ti-cgt-arm_16.9.1.LTS/lib/rtsv7M4_T_le_v4SPD16_eabi.lib
       memcpy_t2.obj                 156     0         0      
       autoinit.obj                  112     0         0      
       copy_decompress_lzss.obj      104     0         0      
       exit.obj                      84      0         12     
       boot.obj                      84      0         0      
       cpy_tbl.obj                   76      0         0      
       _lock.obj                     20      0         8      
       args_main.obj                 24      0         0      
       copy_decompress_none.obj      14      0         0      
       pre_init.obj                  4       0         0      
       stkdepth_vars.obj             0       0         4      
       mpu_init.obj                  2       0         0      
       startup.obj                   2       0         0      
    +--+-----------------------------+-------+---------+---------+
       Total:                        682     0         24     
                                                              
    /media/ahmed/Data/Workshop/Embedded Systems/Microcontroller/ARM Microcontroller/CodeComposerStudio/ZeeDK/lib/Debug_TI/ZeeDK Lib.lib
       gpio.obj                      6896    0         0      
       interrupt.obj                 3000    0         816    
       timer.obj                     3240    0         0      
    +--+-----------------------------+-------+---------+---------+
       Total:                        13136   0         816    
                                                              
       Stack:                        0       0         512    
       Linker Generated:             0       84        0      
    +--+-----------------------------+-------+---------+---------+
       Grand Total:                  14042   704       1352   


LINKER GENERATED COPY TABLES

__TI_cinit_table @ 00003994 records: 1, size/record: 8, table size: 8
	.data: load addr=00003948, load size=00000044 bytes, run addr=20000000, run size=00000348 bytes, compression=lzss


LINKER GENERATED HANDLER TABLE

__TI_handler_table @ 0000398c records: 2, size/record: 4, table size: 8
	index: 0, handler: __TI_decompress_lzss
	index: 1, handler: __TI_decompress_none


GLOBAL SYMBOLS: SORTED ALPHABETICALLY BY Name 

address   name                            
-------   ----                            
00003859  C$$EXIT                         
000032a1  GPIOPinAttachIntr               
0000193d  GPIOPinInit                     
00001c41  GPIOPinRead                     
00001ad9  GPIOPinWrite                    
00003465  GPIOPortAttachIntr              
00001a2d  GPIOPortInit                    
00001cd5  GPIOPortRead                    
00001b91  GPIOPortWrite                   
0000327d  IntrInit                        
00003933  ResetISR                        
UNDEFED   SHT$$INIT_ARRAY$$Base           
UNDEFED   SHT$$INIT_ARRAY$$Limit          
20000548  __STACK_END                     
00000200  __STACK_SIZE                    
20000548  __STACK_TOP                     
00003994  __TI_CINIT_Base                 
0000399c  __TI_CINIT_Limit                
0000398c  __TI_Handler_Table_Base         
00003994  __TI_Handler_Table_Limit        
0000372d  __TI_auto_init                  
20000328  __TI_cleanup_ptr                
0000379d  __TI_decompress_lzss            
00003925  __TI_decompress_none            
2000032c  __TI_dtors_ptr                  
20000330  __TI_enable_exit_profile_output 
ffffffff  __TI_pprof_out_hndl             
ffffffff  __TI_prof_data_size             
ffffffff  __TI_prof_data_start            
00000000  __TI_static_base__              
00003691  __aeabi_memcpy                  
00003691  __aeabi_memcpy4                 
00003691  __aeabi_memcpy8                 
ffffffff  __binit__                       
ffffffff  __c_args__                      
00003943  __mpu_init                      
20000348  __stack                         
000038f9  _args_main                      
00003805  _c_int00                        
20000334  _lock                           
0000391f  _nop                            
00003917  _register_lock                  
00003911  _register_unlock                
00003945  _system_post_cinit              
0000393f  _system_pre_init                
20000338  _unlock                         
0000385d  abort                           
ffffffff  binit                           
000038ad  copy_in                         
00003865  exit                            
00000000  g_pfnVectors                    
000018cd  gpio_field_masked_write         
000018f5  gpio_field_read                 
00001883  gpio_field_write                
000015fb  gpio_pin_clear_intr             
00001677  gpio_pin_get_adc_trgr           
00000dc9  gpio_pin_get_alt_func           
00000e83  gpio_pin_get_curr               
000008f7  gpio_pin_get_dir                
00001745  gpio_pin_get_dma_trgr           
00001143  gpio_pin_get_intr               
000012dd  gpio_pin_get_intr_mode          
0000104d  gpio_pin_get_lock               
000015c3  gpio_pin_get_masked_intr_status 
00000619  gpio_pin_get_mode               
0000158b  gpio_pin_get_raw_intr_status    
00000fe1  gpio_pin_lock                   
00001813  gpio_pin_read                   
0000162b  gpio_pin_set_adc_trgr           
00000d71  gpio_pin_set_alt_func           
00000df9  gpio_pin_set_curr               
0000070d  gpio_pin_set_dir                
000016f9  gpio_pin_set_dma_trgr           
000010f7  gpio_pin_set_intr               
000011c5  gpio_pin_set_intr_mode          
000005b1  gpio_pin_set_mode               
0000100b  gpio_pin_unlock                 
000017c7  gpio_pin_write                  
00001615  gpio_port_clear_intr            
000016dd  gpio_port_get_adc_trgr          
00000f65  gpio_port_get_curr              
00000c17  gpio_port_get_dir               
000017ab  gpio_port_get_dma_trgr          
000011a9  gpio_port_get_intr              
000014b7  gpio_port_get_intr_mode         
000010d1  gpio_port_get_lock              
000015e3  gpio_port_get_masked_intr_status
000006a1  gpio_port_get_mode              
000015ab  gpio_port_get_raw_intr_status   
00001075  gpio_port_lock                  
0000184d  gpio_port_masked_write          
0000186b  gpio_port_read                  
00001697  gpio_port_set_adc_trgr          
000003d7  gpio_port_set_clk               
00000edf  gpio_port_set_curr              
00000513  gpio_port_set_deepsleep_clk     
00000a55  gpio_port_set_dir               
00001765  gpio_port_set_dma_trgr          
00001163  gpio_port_set_intr              
000013bb  gpio_port_set_intr_mode         
00000641  gpio_port_set_mode              
00000475  gpio_port_set_sleep_clk         
00001097  gpio_port_unlock                
00001833  gpio_port_write                 
00003651  handler                         
000031ad  intr_handler_get                
00003051  intr_handler_install            
00003101  intr_handler_uninstall          
00002d43  intr_init                       
00002f41  intr_irq_dis                    
00002dd9  intr_irq_en                     
00003277  intr_master_dis                 
00003271  intr_master_en                  
00002d61  intr_set_default_handler        
00003253  intr_vect_install               
00003263  intr_vect_uninstall             
000035db  main                            
20000344  main_func_sp                    
00003691  memcpy                          
000029cf  timer_clear_intr                
00002299  timer_dis                       
00002229  timer_en                        
0000279b  timer_get_count_dir             
00002993  timer_get_intr_mask             
000028b1  timer_get_load_val              
000026bd  timer_get_match_intr            
000024b3  timer_get_mode                  
000029b1  timer_get_raw_intr_status       
00002531  timer_get_snapshot_mode         
000025f7  timer_get_wait_on_trigger       
000022fd  timer_reset_config              
00001e8f  timer_set_clk                   
0000271f  timer_set_count_dir             
000020d9  timer_set_deepsleep_clk         
00002977  timer_set_intr_mask             
00002815  timer_set_load_val              
00002659  timer_set_match_intr            
000023a1  timer_set_mode                  
00001fb1  timer_set_sleep_clk             
000024cd  timer_set_snapshot_mode         
00002593  timer_set_wait_on_trigger       


GLOBAL SYMBOLS: SORTED BY Symbol Address 

address   name                            
-------   ----                            
00000000  __TI_static_base__              
00000000  g_pfnVectors                    
00000200  __STACK_SIZE                    
000003d7  gpio_port_set_clk               
00000475  gpio_port_set_sleep_clk         
00000513  gpio_port_set_deepsleep_clk     
000005b1  gpio_pin_set_mode               
00000619  gpio_pin_get_mode               
00000641  gpio_port_set_mode              
000006a1  gpio_port_get_mode              
0000070d  gpio_pin_set_dir                
000008f7  gpio_pin_get_dir                
00000a55  gpio_port_set_dir               
00000c17  gpio_port_get_dir               
00000d71  gpio_pin_set_alt_func           
00000dc9  gpio_pin_get_alt_func           
00000df9  gpio_pin_set_curr               
00000e83  gpio_pin_get_curr               
00000edf  gpio_port_set_curr              
00000f65  gpio_port_get_curr              
00000fe1  gpio_pin_lock                   
0000100b  gpio_pin_unlock                 
0000104d  gpio_pin_get_lock               
00001075  gpio_port_lock                  
00001097  gpio_port_unlock                
000010d1  gpio_port_get_lock              
000010f7  gpio_pin_set_intr               
00001143  gpio_pin_get_intr               
00001163  gpio_port_set_intr              
000011a9  gpio_port_get_intr              
000011c5  gpio_pin_set_intr_mode          
000012dd  gpio_pin_get_intr_mode          
000013bb  gpio_port_set_intr_mode         
000014b7  gpio_port_get_intr_mode         
0000158b  gpio_pin_get_raw_intr_status    
000015ab  gpio_port_get_raw_intr_status   
000015c3  gpio_pin_get_masked_intr_status 
000015e3  gpio_port_get_masked_intr_status
000015fb  gpio_pin_clear_intr             
00001615  gpio_port_clear_intr            
0000162b  gpio_pin_set_adc_trgr           
00001677  gpio_pin_get_adc_trgr           
00001697  gpio_port_set_adc_trgr          
000016dd  gpio_port_get_adc_trgr          
000016f9  gpio_pin_set_dma_trgr           
00001745  gpio_pin_get_dma_trgr           
00001765  gpio_port_set_dma_trgr          
000017ab  gpio_port_get_dma_trgr          
000017c7  gpio_pin_write                  
00001813  gpio_pin_read                   
00001833  gpio_port_write                 
0000184d  gpio_port_masked_write          
0000186b  gpio_port_read                  
00001883  gpio_field_write                
000018cd  gpio_field_masked_write         
000018f5  gpio_field_read                 
0000193d  GPIOPinInit                     
00001a2d  GPIOPortInit                    
00001ad9  GPIOPinWrite                    
00001b91  GPIOPortWrite                   
00001c41  GPIOPinRead                     
00001cd5  GPIOPortRead                    
00001e8f  timer_set_clk                   
00001fb1  timer_set_sleep_clk             
000020d9  timer_set_deepsleep_clk         
00002229  timer_en                        
00002299  timer_dis                       
000022fd  timer_reset_config              
000023a1  timer_set_mode                  
000024b3  timer_get_mode                  
000024cd  timer_set_snapshot_mode         
00002531  timer_get_snapshot_mode         
00002593  timer_set_wait_on_trigger       
000025f7  timer_get_wait_on_trigger       
00002659  timer_set_match_intr            
000026bd  timer_get_match_intr            
0000271f  timer_set_count_dir             
0000279b  timer_get_count_dir             
00002815  timer_set_load_val              
000028b1  timer_get_load_val              
00002977  timer_set_intr_mask             
00002993  timer_get_intr_mask             
000029b1  timer_get_raw_intr_status       
000029cf  timer_clear_intr                
00002d43  intr_init                       
00002d61  intr_set_default_handler        
00002dd9  intr_irq_en                     
00002f41  intr_irq_dis                    
00003051  intr_handler_install            
00003101  intr_handler_uninstall          
000031ad  intr_handler_get                
00003253  intr_vect_install               
00003263  intr_vect_uninstall             
00003271  intr_master_en                  
00003277  intr_master_dis                 
0000327d  IntrInit                        
000032a1  GPIOPinAttachIntr               
00003465  GPIOPortAttachIntr              
000035db  main                            
00003651  handler                         
00003691  __aeabi_memcpy                  
00003691  __aeabi_memcpy4                 
00003691  __aeabi_memcpy8                 
00003691  memcpy                          
0000372d  __TI_auto_init                  
0000379d  __TI_decompress_lzss            
00003805  _c_int00                        
00003859  C$$EXIT                         
0000385d  abort                           
00003865  exit                            
000038ad  copy_in                         
000038f9  _args_main                      
00003911  _register_unlock                
00003917  _register_lock                  
0000391f  _nop                            
00003925  __TI_decompress_none            
00003933  ResetISR                        
0000393f  _system_pre_init                
00003943  __mpu_init                      
00003945  _system_post_cinit              
0000398c  __TI_Handler_Table_Base         
00003994  __TI_CINIT_Base                 
00003994  __TI_Handler_Table_Limit        
0000399c  __TI_CINIT_Limit                
20000328  __TI_cleanup_ptr                
2000032c  __TI_dtors_ptr                  
20000330  __TI_enable_exit_profile_output 
20000334  _lock                           
20000338  _unlock                         
20000344  main_func_sp                    
20000348  __stack                         
20000548  __STACK_END                     
20000548  __STACK_TOP                     
ffffffff  __TI_pprof_out_hndl             
ffffffff  __TI_prof_data_size             
ffffffff  __TI_prof_data_start            
ffffffff  __binit__                       
ffffffff  __c_args__                      
ffffffff  binit                           
UNDEFED   SHT$$INIT_ARRAY$$Base           
UNDEFED   SHT$$INIT_ARRAY$$Limit          

[141 symbols]
