Archive member included because of file (symbol)

/media/ahmed/Data/Workshop/Embedded Systems/Microcontroller/ARM Microcontroller/CodeComposerStudio/ZeeDK/lib/Debug_GNU/libZeeDK Lib.a(gpio.o)
                              ./gpio_interrupt2.o (gpio_port_clear_intr)
/media/ahmed/Data/Workshop/Embedded Systems/Microcontroller/ARM Microcontroller/CodeComposerStudio/ZeeDK/lib/Debug_GNU/libZeeDK Lib.a(interrupt.o)
                              ./gpio_interrupt2.o (intr_irq_en)
/home/ahmed/.ti/ccsv7/tools/compiler/gcc-arm-none-eabi-4_9-2015q3/bin/../lib/gcc/arm-none-eabi/4.9.3/../../../../arm-none-eabi/lib/armv7e-m/fpu/libg.a(lib_a-exit.o)
                              /home/ahmed/.ti/ccsv7/tools/compiler/gcc-arm-none-eabi-4_9-2015q3/bin/../lib/gcc/arm-none-eabi/4.9.3/../../../../arm-none-eabi/lib/armv7e-m/fpu/crt0.o (exit)
/home/ahmed/.ti/ccsv7/tools/compiler/gcc-arm-none-eabi-4_9-2015q3/bin/../lib/gcc/arm-none-eabi/4.9.3/../../../../arm-none-eabi/lib/armv7e-m/fpu/libg.a(lib_a-impure.o)
                              /home/ahmed/.ti/ccsv7/tools/compiler/gcc-arm-none-eabi-4_9-2015q3/bin/../lib/gcc/arm-none-eabi/4.9.3/../../../../arm-none-eabi/lib/armv7e-m/fpu/libg.a(lib_a-exit.o) (_global_impure_ptr)
/home/ahmed/.ti/ccsv7/tools/compiler/gcc-arm-none-eabi-4_9-2015q3/bin/../lib/gcc/arm-none-eabi/4.9.3/../../../../arm-none-eabi/lib/armv7e-m/fpu/libg.a(lib_a-init.o)
                              /home/ahmed/.ti/ccsv7/tools/compiler/gcc-arm-none-eabi-4_9-2015q3/bin/../lib/gcc/arm-none-eabi/4.9.3/../../../../arm-none-eabi/lib/armv7e-m/fpu/crt0.o (__libc_init_array)
/home/ahmed/.ti/ccsv7/tools/compiler/gcc-arm-none-eabi-4_9-2015q3/bin/../lib/gcc/arm-none-eabi/4.9.3/../../../../arm-none-eabi/lib/armv7e-m/fpu/libg.a(lib_a-memset.o)
                              /home/ahmed/.ti/ccsv7/tools/compiler/gcc-arm-none-eabi-4_9-2015q3/bin/../lib/gcc/arm-none-eabi/4.9.3/../../../../arm-none-eabi/lib/armv7e-m/fpu/crt0.o (memset)
/home/ahmed/.ti/ccsv7/tools/compiler/gcc-arm-none-eabi-4_9-2015q3/bin/../lib/gcc/arm-none-eabi/4.9.3/../../../../arm-none-eabi/lib/armv7e-m/fpu/libg.a(lib_a-__call_atexit.o)
                              /home/ahmed/.ti/ccsv7/tools/compiler/gcc-arm-none-eabi-4_9-2015q3/bin/../lib/gcc/arm-none-eabi/4.9.3/../../../../arm-none-eabi/lib/armv7e-m/fpu/libg.a(lib_a-exit.o) (__call_exitprocs)
/home/ahmed/.ti/ccsv7/tools/compiler/gcc-arm-none-eabi-4_9-2015q3/bin/../lib/gcc/arm-none-eabi/4.9.3/../../../../arm-none-eabi/lib/armv7e-m/fpu/libg.a(lib_a-atexit.o)
                              /home/ahmed/.ti/ccsv7/tools/compiler/gcc-arm-none-eabi-4_9-2015q3/bin/../lib/gcc/arm-none-eabi/4.9.3/../../../../arm-none-eabi/lib/armv7e-m/fpu/libg.a(lib_a-__call_atexit.o) (atexit)
/home/ahmed/.ti/ccsv7/tools/compiler/gcc-arm-none-eabi-4_9-2015q3/bin/../lib/gcc/arm-none-eabi/4.9.3/../../../../arm-none-eabi/lib/armv7e-m/fpu/libg.a(lib_a-fini.o)
                              /home/ahmed/.ti/ccsv7/tools/compiler/gcc-arm-none-eabi-4_9-2015q3/bin/../lib/gcc/arm-none-eabi/4.9.3/../../../../arm-none-eabi/lib/armv7e-m/fpu/libg.a(lib_a-__call_atexit.o) (__libc_fini_array)
/home/ahmed/.ti/ccsv7/tools/compiler/gcc-arm-none-eabi-4_9-2015q3/bin/../lib/gcc/arm-none-eabi/4.9.3/../../../../arm-none-eabi/lib/armv7e-m/fpu/libg.a(lib_a-__atexit.o)
                              /home/ahmed/.ti/ccsv7/tools/compiler/gcc-arm-none-eabi-4_9-2015q3/bin/../lib/gcc/arm-none-eabi/4.9.3/../../../../arm-none-eabi/lib/armv7e-m/fpu/libg.a(lib_a-atexit.o) (__register_exitproc)
/home/ahmed/.ti/ccsv7/tools/compiler/gcc-arm-none-eabi-4_9-2015q3/bin/../lib/gcc/arm-none-eabi/4.9.3/../../../../arm-none-eabi/lib/armv7e-m/fpu/libnosys.a(_exit.o)
                              /home/ahmed/.ti/ccsv7/tools/compiler/gcc-arm-none-eabi-4_9-2015q3/bin/../lib/gcc/arm-none-eabi/4.9.3/../../../../arm-none-eabi/lib/armv7e-m/fpu/libg.a(lib_a-exit.o) (_exit)

Memory Configuration

Name             Origin             Length             Attributes
FLASH            0x00000000         0x00040000         xr
SRAM             0x20000000         0x00008000         xw
*default*        0x00000000         0xffffffff

Linker script and memory map

LOAD /home/ahmed/.ti/ccsv7/tools/compiler/gcc-arm-none-eabi-4_9-2015q3/bin/../lib/gcc/arm-none-eabi/4.9.3/armv7e-m/fpu/crti.o
LOAD /home/ahmed/.ti/ccsv7/tools/compiler/gcc-arm-none-eabi-4_9-2015q3/bin/../lib/gcc/arm-none-eabi/4.9.3/armv7e-m/fpu/crtbegin.o
LOAD /home/ahmed/.ti/ccsv7/tools/compiler/gcc-arm-none-eabi-4_9-2015q3/bin/../lib/gcc/arm-none-eabi/4.9.3/../../../../arm-none-eabi/lib/armv7e-m/fpu/crt0.o
LOAD ./gpio_interrupt.o
LOAD ./gpio_interrupt2.o
LOAD ./startup_gnu_tm4c123gh6pm.o
                0x00000000                PROVIDE (_intvecs_base_address, 0x0)

.intvecs        0x00000000      0x26c
 *(.intvecs)
 .intvecs       0x00000000      0x26c ./startup_gnu_tm4c123gh6pm.o
                0x00000000                g_pfnVectors
                0x20000000                PROVIDE (_vtable_base_address, 0x20000000)

.vtable
 *(.vtable)

.text           0x0000026c     0x2fd4
 CREATE_OBJECT_SYMBOLS
 *(.text)
 .text          0x0000026c        0x0 /home/ahmed/.ti/ccsv7/tools/compiler/gcc-arm-none-eabi-4_9-2015q3/bin/../lib/gcc/arm-none-eabi/4.9.3/armv7e-m/fpu/crti.o
 .text          0x0000026c       0x5c /home/ahmed/.ti/ccsv7/tools/compiler/gcc-arm-none-eabi-4_9-2015q3/bin/../lib/gcc/arm-none-eabi/4.9.3/armv7e-m/fpu/crtbegin.o
 .text          0x000002c8       0x74 /home/ahmed/.ti/ccsv7/tools/compiler/gcc-arm-none-eabi-4_9-2015q3/bin/../lib/gcc/arm-none-eabi/4.9.3/../../../../arm-none-eabi/lib/armv7e-m/fpu/crt0.o
                0x000002c8                _mainCRTStartup
                0x000002c8                _start
 .text          0x0000033c        0x0 ./gpio_interrupt.o
 .text          0x0000033c        0x0 ./gpio_interrupt2.o
 .text          0x0000033c        0x0 ./startup_gnu_tm4c123gh6pm.o
 .text          0x0000033c        0x0 /media/ahmed/Data/Workshop/Embedded Systems/Microcontroller/ARM Microcontroller/CodeComposerStudio/ZeeDK/lib/Debug_GNU/libZeeDK Lib.a(gpio.o)
 .text          0x0000033c        0x0 /media/ahmed/Data/Workshop/Embedded Systems/Microcontroller/ARM Microcontroller/CodeComposerStudio/ZeeDK/lib/Debug_GNU/libZeeDK Lib.a(interrupt.o)
 .text          0x0000033c        0x0 /home/ahmed/.ti/ccsv7/tools/compiler/gcc-arm-none-eabi-4_9-2015q3/bin/../lib/gcc/arm-none-eabi/4.9.3/../../../../arm-none-eabi/lib/armv7e-m/fpu/libg.a(lib_a-exit.o)
 .text          0x0000033c        0x0 /home/ahmed/.ti/ccsv7/tools/compiler/gcc-arm-none-eabi-4_9-2015q3/bin/../lib/gcc/arm-none-eabi/4.9.3/../../../../arm-none-eabi/lib/armv7e-m/fpu/libg.a(lib_a-impure.o)
 .text          0x0000033c        0x0 /home/ahmed/.ti/ccsv7/tools/compiler/gcc-arm-none-eabi-4_9-2015q3/bin/../lib/gcc/arm-none-eabi/4.9.3/../../../../arm-none-eabi/lib/armv7e-m/fpu/libg.a(lib_a-init.o)
 .text          0x0000033c        0x0 /home/ahmed/.ti/ccsv7/tools/compiler/gcc-arm-none-eabi-4_9-2015q3/bin/../lib/gcc/arm-none-eabi/4.9.3/../../../../arm-none-eabi/lib/armv7e-m/fpu/libg.a(lib_a-memset.o)
 .text          0x0000033c        0x0 /home/ahmed/.ti/ccsv7/tools/compiler/gcc-arm-none-eabi-4_9-2015q3/bin/../lib/gcc/arm-none-eabi/4.9.3/../../../../arm-none-eabi/lib/armv7e-m/fpu/libg.a(lib_a-__call_atexit.o)
 .text          0x0000033c        0x0 /home/ahmed/.ti/ccsv7/tools/compiler/gcc-arm-none-eabi-4_9-2015q3/bin/../lib/gcc/arm-none-eabi/4.9.3/../../../../arm-none-eabi/lib/armv7e-m/fpu/libg.a(lib_a-atexit.o)
 .text          0x0000033c        0x0 /home/ahmed/.ti/ccsv7/tools/compiler/gcc-arm-none-eabi-4_9-2015q3/bin/../lib/gcc/arm-none-eabi/4.9.3/../../../../arm-none-eabi/lib/armv7e-m/fpu/libg.a(lib_a-fini.o)
 .text          0x0000033c        0x0 /home/ahmed/.ti/ccsv7/tools/compiler/gcc-arm-none-eabi-4_9-2015q3/bin/../lib/gcc/arm-none-eabi/4.9.3/../../../../arm-none-eabi/lib/armv7e-m/fpu/libg.a(lib_a-__atexit.o)
 .text          0x0000033c        0x0 /home/ahmed/.ti/ccsv7/tools/compiler/gcc-arm-none-eabi-4_9-2015q3/bin/../lib/gcc/arm-none-eabi/4.9.3/../../../../arm-none-eabi/lib/armv7e-m/fpu/libnosys.a(_exit.o)
 .text          0x0000033c        0x0 /home/ahmed/.ti/ccsv7/tools/compiler/gcc-arm-none-eabi-4_9-2015q3/bin/../lib/gcc/arm-none-eabi/4.9.3/armv7e-m/fpu/crtend.o
 .text          0x0000033c        0x0 /home/ahmed/.ti/ccsv7/tools/compiler/gcc-arm-none-eabi-4_9-2015q3/bin/../lib/gcc/arm-none-eabi/4.9.3/armv7e-m/fpu/crtn.o
 *(.text.*)
 .text.main     0x0000033c       0x6c ./gpio_interrupt2.o
                0x0000033c                main
 .text.Handle1  0x000003a8       0x60 ./gpio_interrupt2.o
                0x000003a8                Handle1
 .text.Handle2  0x00000408       0x60 ./gpio_interrupt2.o
                0x00000408                Handle2
 .text.ResetISR
                0x00000468       0x68 ./startup_gnu_tm4c123gh6pm.o
                0x00000468                ResetISR
 .text.NmiSR    0x000004d0        0x8 ./startup_gnu_tm4c123gh6pm.o
 .text.FaultISR
                0x000004d8        0x8 ./startup_gnu_tm4c123gh6pm.o
 .text.IntDefaultHandler
                0x000004e0        0x8 ./startup_gnu_tm4c123gh6pm.o
 .text.hw_reg32_read
                0x000004e8       0x18 /media/ahmed/Data/Workshop/Embedded Systems/Microcontroller/ARM Microcontroller/CodeComposerStudio/ZeeDK/lib/Debug_GNU/libZeeDK Lib.a(gpio.o)
 .text.hw_reg32_write
                0x00000500       0x1c /media/ahmed/Data/Workshop/Embedded Systems/Microcontroller/ARM Microcontroller/CodeComposerStudio/ZeeDK/lib/Debug_GNU/libZeeDK Lib.a(gpio.o)
 .text.hw_reg32_bit_read
                0x0000051c       0x30 /media/ahmed/Data/Workshop/Embedded Systems/Microcontroller/ARM Microcontroller/CodeComposerStudio/ZeeDK/lib/Debug_GNU/libZeeDK Lib.a(gpio.o)
 .text.hw_reg32_bit_set
                0x0000054c       0x28 /media/ahmed/Data/Workshop/Embedded Systems/Microcontroller/ARM Microcontroller/CodeComposerStudio/ZeeDK/lib/Debug_GNU/libZeeDK Lib.a(gpio.o)
 .text.hw_reg32_bit_clear
                0x00000574       0x2c /media/ahmed/Data/Workshop/Embedded Systems/Microcontroller/ARM Microcontroller/CodeComposerStudio/ZeeDK/lib/Debug_GNU/libZeeDK Lib.a(gpio.o)
 .text.hw_reg32_bit_write
                0x000005a0       0x44 /media/ahmed/Data/Workshop/Embedded Systems/Microcontroller/ARM Microcontroller/CodeComposerStudio/ZeeDK/lib/Debug_GNU/libZeeDK Lib.a(gpio.o)
 .text.hw_reg32_field_read
                0x000005e4       0x40 /media/ahmed/Data/Workshop/Embedded Systems/Microcontroller/ARM Microcontroller/CodeComposerStudio/ZeeDK/lib/Debug_GNU/libZeeDK Lib.a(gpio.o)
 .text.hw_reg32_field_write
                0x00000624       0x50 /media/ahmed/Data/Workshop/Embedded Systems/Microcontroller/ARM Microcontroller/CodeComposerStudio/ZeeDK/lib/Debug_GNU/libZeeDK Lib.a(gpio.o)
 .text.hw_reg32_field_masked_write
                0x00000674       0x44 /media/ahmed/Data/Workshop/Embedded Systems/Microcontroller/ARM Microcontroller/CodeComposerStudio/ZeeDK/lib/Debug_GNU/libZeeDK Lib.a(gpio.o)
 .text.gpio_port_set_clk
                0x000006b8       0xbc /media/ahmed/Data/Workshop/Embedded Systems/Microcontroller/ARM Microcontroller/CodeComposerStudio/ZeeDK/lib/Debug_GNU/libZeeDK Lib.a(gpio.o)
                0x000006b8                gpio_port_set_clk
 .text.gpio_port_set_sleep_clk
                0x00000774       0xbc /media/ahmed/Data/Workshop/Embedded Systems/Microcontroller/ARM Microcontroller/CodeComposerStudio/ZeeDK/lib/Debug_GNU/libZeeDK Lib.a(gpio.o)
                0x00000774                gpio_port_set_sleep_clk
 .text.gpio_port_set_deepsleep_clk
                0x00000830       0xbc /media/ahmed/Data/Workshop/Embedded Systems/Microcontroller/ARM Microcontroller/CodeComposerStudio/ZeeDK/lib/Debug_GNU/libZeeDK Lib.a(gpio.o)
                0x00000830                gpio_port_set_deepsleep_clk
 .text.gpio_pin_set_mode
                0x000008ec       0x74 /media/ahmed/Data/Workshop/Embedded Systems/Microcontroller/ARM Microcontroller/CodeComposerStudio/ZeeDK/lib/Debug_GNU/libZeeDK Lib.a(gpio.o)
                0x000008ec                gpio_pin_set_mode
 .text.gpio_pin_get_mode
                0x00000960       0x3c /media/ahmed/Data/Workshop/Embedded Systems/Microcontroller/ARM Microcontroller/CodeComposerStudio/ZeeDK/lib/Debug_GNU/libZeeDK Lib.a(gpio.o)
                0x00000960                gpio_pin_get_mode
 .text.gpio_port_set_mode
                0x0000099c       0x6c /media/ahmed/Data/Workshop/Embedded Systems/Microcontroller/ARM Microcontroller/CodeComposerStudio/ZeeDK/lib/Debug_GNU/libZeeDK Lib.a(gpio.o)
                0x0000099c                gpio_port_set_mode
 .text.gpio_port_get_mode
                0x00000a08       0x58 /media/ahmed/Data/Workshop/Embedded Systems/Microcontroller/ARM Microcontroller/CodeComposerStudio/ZeeDK/lib/Debug_GNU/libZeeDK Lib.a(gpio.o)
                0x00000a08                gpio_port_get_mode
 .text.gpio_pin_set_dir
                0x00000a60      0x21c /media/ahmed/Data/Workshop/Embedded Systems/Microcontroller/ARM Microcontroller/CodeComposerStudio/ZeeDK/lib/Debug_GNU/libZeeDK Lib.a(gpio.o)
                0x00000a60                gpio_pin_set_dir
 .text.gpio_pin_get_dir
                0x00000c7c      0x150 /media/ahmed/Data/Workshop/Embedded Systems/Microcontroller/ARM Microcontroller/CodeComposerStudio/ZeeDK/lib/Debug_GNU/libZeeDK Lib.a(gpio.o)
                0x00000c7c                gpio_pin_get_dir
 .text.gpio_port_set_dir
                0x00000dcc      0x1f4 /media/ahmed/Data/Workshop/Embedded Systems/Microcontroller/ARM Microcontroller/CodeComposerStudio/ZeeDK/lib/Debug_GNU/libZeeDK Lib.a(gpio.o)
                0x00000dcc                gpio_port_set_dir
 .text.gpio_port_get_dir
                0x00000fc0      0x14c /media/ahmed/Data/Workshop/Embedded Systems/Microcontroller/ARM Microcontroller/CodeComposerStudio/ZeeDK/lib/Debug_GNU/libZeeDK Lib.a(gpio.o)
                0x00000fc0                gpio_port_get_dir
 .text.gpio_pin_set_alt_func
                0x0000110c       0x58 /media/ahmed/Data/Workshop/Embedded Systems/Microcontroller/ARM Microcontroller/CodeComposerStudio/ZeeDK/lib/Debug_GNU/libZeeDK Lib.a(gpio.o)
                0x0000110c                gpio_pin_set_alt_func
 .text.gpio_pin_get_alt_func
                0x00001164       0x40 /media/ahmed/Data/Workshop/Embedded Systems/Microcontroller/ARM Microcontroller/CodeComposerStudio/ZeeDK/lib/Debug_GNU/libZeeDK Lib.a(gpio.o)
                0x00001164                gpio_pin_get_alt_func
 .text.gpio_pin_set_curr
                0x000011a4       0x94 /media/ahmed/Data/Workshop/Embedded Systems/Microcontroller/ARM Microcontroller/CodeComposerStudio/ZeeDK/lib/Debug_GNU/libZeeDK Lib.a(gpio.o)
                0x000011a4                gpio_pin_set_curr
 .text.gpio_pin_get_curr
                0x00001238       0x78 /media/ahmed/Data/Workshop/Embedded Systems/Microcontroller/ARM Microcontroller/CodeComposerStudio/ZeeDK/lib/Debug_GNU/libZeeDK Lib.a(gpio.o)
                0x00001238                gpio_pin_get_curr
 .text.gpio_port_set_curr
                0x000012b0       0x90 /media/ahmed/Data/Workshop/Embedded Systems/Microcontroller/ARM Microcontroller/CodeComposerStudio/ZeeDK/lib/Debug_GNU/libZeeDK Lib.a(gpio.o)
                0x000012b0                gpio_port_set_curr
 .text.gpio_port_get_curr
                0x00001340       0x80 /media/ahmed/Data/Workshop/Embedded Systems/Microcontroller/ARM Microcontroller/CodeComposerStudio/ZeeDK/lib/Debug_GNU/libZeeDK Lib.a(gpio.o)
                0x00001340                gpio_port_get_curr
 .text.gpio_pin_lock
                0x000013c0       0x38 /media/ahmed/Data/Workshop/Embedded Systems/Microcontroller/ARM Microcontroller/CodeComposerStudio/ZeeDK/lib/Debug_GNU/libZeeDK Lib.a(gpio.o)
                0x000013c0                gpio_pin_lock
 .text.gpio_pin_unlock
                0x000013f8       0x50 /media/ahmed/Data/Workshop/Embedded Systems/Microcontroller/ARM Microcontroller/CodeComposerStudio/ZeeDK/lib/Debug_GNU/libZeeDK Lib.a(gpio.o)
                0x000013f8                gpio_pin_unlock
 .text.gpio_pin_get_lock
                0x00001448       0x3c /media/ahmed/Data/Workshop/Embedded Systems/Microcontroller/ARM Microcontroller/CodeComposerStudio/ZeeDK/lib/Debug_GNU/libZeeDK Lib.a(gpio.o)
                0x00001448                gpio_pin_get_lock
 .text.gpio_port_lock
                0x00001484       0x30 /media/ahmed/Data/Workshop/Embedded Systems/Microcontroller/ARM Microcontroller/CodeComposerStudio/ZeeDK/lib/Debug_GNU/libZeeDK Lib.a(gpio.o)
                0x00001484                gpio_port_lock
 .text.gpio_port_unlock
                0x000014b4       0x48 /media/ahmed/Data/Workshop/Embedded Systems/Microcontroller/ARM Microcontroller/CodeComposerStudio/ZeeDK/lib/Debug_GNU/libZeeDK Lib.a(gpio.o)
                0x000014b4                gpio_port_unlock
 .text.gpio_port_get_lock
                0x000014fc       0x38 /media/ahmed/Data/Workshop/Embedded Systems/Microcontroller/ARM Microcontroller/CodeComposerStudio/ZeeDK/lib/Debug_GNU/libZeeDK Lib.a(gpio.o)
                0x000014fc                gpio_port_get_lock
 .text.gpio_pin_set_intr
                0x00001534       0x54 /media/ahmed/Data/Workshop/Embedded Systems/Microcontroller/ARM Microcontroller/CodeComposerStudio/ZeeDK/lib/Debug_GNU/libZeeDK Lib.a(gpio.o)
                0x00001534                gpio_pin_set_intr
 .text.gpio_pin_get_intr
                0x00001588       0x30 /media/ahmed/Data/Workshop/Embedded Systems/Microcontroller/ARM Microcontroller/CodeComposerStudio/ZeeDK/lib/Debug_GNU/libZeeDK Lib.a(gpio.o)
                0x00001588                gpio_pin_get_intr
 .text.gpio_port_set_intr
                0x000015b8       0x4c /media/ahmed/Data/Workshop/Embedded Systems/Microcontroller/ARM Microcontroller/CodeComposerStudio/ZeeDK/lib/Debug_GNU/libZeeDK Lib.a(gpio.o)
                0x000015b8                gpio_port_set_intr
 .text.gpio_port_get_intr
                0x00001604       0x2c /media/ahmed/Data/Workshop/Embedded Systems/Microcontroller/ARM Microcontroller/CodeComposerStudio/ZeeDK/lib/Debug_GNU/libZeeDK Lib.a(gpio.o)
                0x00001604                gpio_port_get_intr
 .text.gpio_pin_set_intr_mode
                0x00001630      0x12c /media/ahmed/Data/Workshop/Embedded Systems/Microcontroller/ARM Microcontroller/CodeComposerStudio/ZeeDK/lib/Debug_GNU/libZeeDK Lib.a(gpio.o)
                0x00001630                gpio_pin_set_intr_mode
 .text.gpio_pin_get_intr_mode
                0x0000175c       0xd8 /media/ahmed/Data/Workshop/Embedded Systems/Microcontroller/ARM Microcontroller/CodeComposerStudio/ZeeDK/lib/Debug_GNU/libZeeDK Lib.a(gpio.o)
                0x0000175c                gpio_pin_get_intr_mode
 .text.gpio_port_set_intr_mode
                0x00001834      0x114 /media/ahmed/Data/Workshop/Embedded Systems/Microcontroller/ARM Microcontroller/CodeComposerStudio/ZeeDK/lib/Debug_GNU/libZeeDK Lib.a(gpio.o)
                0x00001834                gpio_port_set_intr_mode
 .text.gpio_port_get_intr_mode
                0x00001948       0xd4 /media/ahmed/Data/Workshop/Embedded Systems/Microcontroller/ARM Microcontroller/CodeComposerStudio/ZeeDK/lib/Debug_GNU/libZeeDK Lib.a(gpio.o)
                0x00001948                gpio_port_get_intr_mode
 .text.gpio_pin_get_raw_intr_status
                0x00001a1c       0x30 /media/ahmed/Data/Workshop/Embedded Systems/Microcontroller/ARM Microcontroller/CodeComposerStudio/ZeeDK/lib/Debug_GNU/libZeeDK Lib.a(gpio.o)
                0x00001a1c                gpio_pin_get_raw_intr_status
 .text.gpio_port_get_raw_intr_status
                0x00001a4c       0x28 /media/ahmed/Data/Workshop/Embedded Systems/Microcontroller/ARM Microcontroller/CodeComposerStudio/ZeeDK/lib/Debug_GNU/libZeeDK Lib.a(gpio.o)
                0x00001a4c                gpio_port_get_raw_intr_status
 .text.gpio_pin_get_masked_intr_status
                0x00001a74       0x30 /media/ahmed/Data/Workshop/Embedded Systems/Microcontroller/ARM Microcontroller/CodeComposerStudio/ZeeDK/lib/Debug_GNU/libZeeDK Lib.a(gpio.o)
                0x00001a74                gpio_pin_get_masked_intr_status
 .text.gpio_port_get_masked_intr_status
                0x00001aa4       0x28 /media/ahmed/Data/Workshop/Embedded Systems/Microcontroller/ARM Microcontroller/CodeComposerStudio/ZeeDK/lib/Debug_GNU/libZeeDK Lib.a(gpio.o)
                0x00001aa4                gpio_port_get_masked_intr_status
 .text.gpio_pin_clear_intr
                0x00001acc       0x28 /media/ahmed/Data/Workshop/Embedded Systems/Microcontroller/ARM Microcontroller/CodeComposerStudio/ZeeDK/lib/Debug_GNU/libZeeDK Lib.a(gpio.o)
                0x00001acc                gpio_pin_clear_intr
 .text.gpio_port_clear_intr
                0x00001af4       0x24 /media/ahmed/Data/Workshop/Embedded Systems/Microcontroller/ARM Microcontroller/CodeComposerStudio/ZeeDK/lib/Debug_GNU/libZeeDK Lib.a(gpio.o)
                0x00001af4                gpio_port_clear_intr
 .text.gpio_pin_set_adc_trgr
                0x00001b18       0x54 /media/ahmed/Data/Workshop/Embedded Systems/Microcontroller/ARM Microcontroller/CodeComposerStudio/ZeeDK/lib/Debug_GNU/libZeeDK Lib.a(gpio.o)
                0x00001b18                gpio_pin_set_adc_trgr
 .text.gpio_pin_get_adc_trgr
                0x00001b6c       0x30 /media/ahmed/Data/Workshop/Embedded Systems/Microcontroller/ARM Microcontroller/CodeComposerStudio/ZeeDK/lib/Debug_GNU/libZeeDK Lib.a(gpio.o)
                0x00001b6c                gpio_pin_get_adc_trgr
 .text.gpio_port_set_adc_trgr
                0x00001b9c       0x4c /media/ahmed/Data/Workshop/Embedded Systems/Microcontroller/ARM Microcontroller/CodeComposerStudio/ZeeDK/lib/Debug_GNU/libZeeDK Lib.a(gpio.o)
                0x00001b9c                gpio_port_set_adc_trgr
 .text.gpio_port_get_adc_trgr
                0x00001be8       0x2c /media/ahmed/Data/Workshop/Embedded Systems/Microcontroller/ARM Microcontroller/CodeComposerStudio/ZeeDK/lib/Debug_GNU/libZeeDK Lib.a(gpio.o)
                0x00001be8                gpio_port_get_adc_trgr
 .text.gpio_pin_set_dma_trgr
                0x00001c14       0x54 /media/ahmed/Data/Workshop/Embedded Systems/Microcontroller/ARM Microcontroller/CodeComposerStudio/ZeeDK/lib/Debug_GNU/libZeeDK Lib.a(gpio.o)
                0x00001c14                gpio_pin_set_dma_trgr
 .text.gpio_pin_get_dma_trgr
                0x00001c68       0x30 /media/ahmed/Data/Workshop/Embedded Systems/Microcontroller/ARM Microcontroller/CodeComposerStudio/ZeeDK/lib/Debug_GNU/libZeeDK Lib.a(gpio.o)
                0x00001c68                gpio_pin_get_dma_trgr
 .text.gpio_port_set_dma_trgr
                0x00001c98       0x4c /media/ahmed/Data/Workshop/Embedded Systems/Microcontroller/ARM Microcontroller/CodeComposerStudio/ZeeDK/lib/Debug_GNU/libZeeDK Lib.a(gpio.o)
                0x00001c98                gpio_port_set_dma_trgr
 .text.gpio_port_get_dma_trgr
                0x00001ce4       0x2c /media/ahmed/Data/Workshop/Embedded Systems/Microcontroller/ARM Microcontroller/CodeComposerStudio/ZeeDK/lib/Debug_GNU/libZeeDK Lib.a(gpio.o)
                0x00001ce4                gpio_port_get_dma_trgr
 .text.gpio_pin_write
                0x00001d10       0x54 /media/ahmed/Data/Workshop/Embedded Systems/Microcontroller/ARM Microcontroller/CodeComposerStudio/ZeeDK/lib/Debug_GNU/libZeeDK Lib.a(gpio.o)
                0x00001d10                gpio_pin_write
 .text.gpio_pin_read
                0x00001d64       0x30 /media/ahmed/Data/Workshop/Embedded Systems/Microcontroller/ARM Microcontroller/CodeComposerStudio/ZeeDK/lib/Debug_GNU/libZeeDK Lib.a(gpio.o)
                0x00001d64                gpio_pin_read
 .text.gpio_port_write
                0x00001d94       0x28 /media/ahmed/Data/Workshop/Embedded Systems/Microcontroller/ARM Microcontroller/CodeComposerStudio/ZeeDK/lib/Debug_GNU/libZeeDK Lib.a(gpio.o)
                0x00001d94                gpio_port_write
 .text.gpio_port_masked_write
                0x00001dbc       0x2c /media/ahmed/Data/Workshop/Embedded Systems/Microcontroller/ARM Microcontroller/CodeComposerStudio/ZeeDK/lib/Debug_GNU/libZeeDK Lib.a(gpio.o)
                0x00001dbc                gpio_port_masked_write
 .text.gpio_port_read
                0x00001de8       0x28 /media/ahmed/Data/Workshop/Embedded Systems/Microcontroller/ARM Microcontroller/CodeComposerStudio/ZeeDK/lib/Debug_GNU/libZeeDK Lib.a(gpio.o)
                0x00001de8                gpio_port_read
 .text.gpio_field_write
                0x00001e10       0x4c /media/ahmed/Data/Workshop/Embedded Systems/Microcontroller/ARM Microcontroller/CodeComposerStudio/ZeeDK/lib/Debug_GNU/libZeeDK Lib.a(gpio.o)
                0x00001e10                gpio_field_write
 .text.gpio_field_masked_write
                0x00001e5c       0x30 /media/ahmed/Data/Workshop/Embedded Systems/Microcontroller/ARM Microcontroller/CodeComposerStudio/ZeeDK/lib/Debug_GNU/libZeeDK Lib.a(gpio.o)
                0x00001e5c                gpio_field_masked_write
 .text.gpio_field_read
                0x00001e8c       0x50 /media/ahmed/Data/Workshop/Embedded Systems/Microcontroller/ARM Microcontroller/CodeComposerStudio/ZeeDK/lib/Debug_GNU/libZeeDK Lib.a(gpio.o)
                0x00001e8c                gpio_field_read
 .text.GPIOPinInit
                0x00001edc      0x128 /media/ahmed/Data/Workshop/Embedded Systems/Microcontroller/ARM Microcontroller/CodeComposerStudio/ZeeDK/lib/Debug_GNU/libZeeDK Lib.a(gpio.o)
                0x00001edc                GPIOPinInit
 .text.GPIOPortInit
                0x00002004       0xdc /media/ahmed/Data/Workshop/Embedded Systems/Microcontroller/ARM Microcontroller/CodeComposerStudio/ZeeDK/lib/Debug_GNU/libZeeDK Lib.a(gpio.o)
                0x00002004                GPIOPortInit
 .text.GPIOPinWrite
                0x000020e0       0xd4 /media/ahmed/Data/Workshop/Embedded Systems/Microcontroller/ARM Microcontroller/CodeComposerStudio/ZeeDK/lib/Debug_GNU/libZeeDK Lib.a(gpio.o)
                0x000020e0                GPIOPinWrite
 .text.GPIOPortWrite
                0x000021b4       0xb0 /media/ahmed/Data/Workshop/Embedded Systems/Microcontroller/ARM Microcontroller/CodeComposerStudio/ZeeDK/lib/Debug_GNU/libZeeDK Lib.a(gpio.o)
                0x000021b4                GPIOPortWrite
 .text.GPIOPinRead
                0x00002264       0xb0 /media/ahmed/Data/Workshop/Embedded Systems/Microcontroller/ARM Microcontroller/CodeComposerStudio/ZeeDK/lib/Debug_GNU/libZeeDK Lib.a(gpio.o)
                0x00002264                GPIOPinRead
 .text.GPIOPortRead
                0x00002314       0x8c /media/ahmed/Data/Workshop/Embedded Systems/Microcontroller/ARM Microcontroller/CodeComposerStudio/ZeeDK/lib/Debug_GNU/libZeeDK Lib.a(gpio.o)
                0x00002314                GPIOPortRead
 .text.hw_reg32_read
                0x000023a0       0x18 /media/ahmed/Data/Workshop/Embedded Systems/Microcontroller/ARM Microcontroller/CodeComposerStudio/ZeeDK/lib/Debug_GNU/libZeeDK Lib.a(interrupt.o)
 .text.hw_reg32_write
                0x000023b8       0x1c /media/ahmed/Data/Workshop/Embedded Systems/Microcontroller/ARM Microcontroller/CodeComposerStudio/ZeeDK/lib/Debug_GNU/libZeeDK Lib.a(interrupt.o)
 .text.hw_reg32_bit_set
                0x000023d4       0x28 /media/ahmed/Data/Workshop/Embedded Systems/Microcontroller/ARM Microcontroller/CodeComposerStudio/ZeeDK/lib/Debug_GNU/libZeeDK Lib.a(interrupt.o)
 .text.Stuck    0x000023fc        0x8 /media/ahmed/Data/Workshop/Embedded Systems/Microcontroller/ARM Microcontroller/CodeComposerStudio/ZeeDK/lib/Debug_GNU/libZeeDK Lib.a(interrupt.o)
 .text.intr_isr_reset
                0x00002404       0x10 /media/ahmed/Data/Workshop/Embedded Systems/Microcontroller/ARM Microcontroller/CodeComposerStudio/ZeeDK/lib/Debug_GNU/libZeeDK Lib.a(interrupt.o)
 .text.intr_isr_default
                0x00002414       0x10 /media/ahmed/Data/Workshop/Embedded Systems/Microcontroller/ARM Microcontroller/CodeComposerStudio/ZeeDK/lib/Debug_GNU/libZeeDK Lib.a(interrupt.o)
 .text.intr_isr_gpio_porta
                0x00002424       0x9c /media/ahmed/Data/Workshop/Embedded Systems/Microcontroller/ARM Microcontroller/CodeComposerStudio/ZeeDK/lib/Debug_GNU/libZeeDK Lib.a(interrupt.o)
 .text.intr_isr_gpio_portb
                0x000024c0       0xa0 /media/ahmed/Data/Workshop/Embedded Systems/Microcontroller/ARM Microcontroller/CodeComposerStudio/ZeeDK/lib/Debug_GNU/libZeeDK Lib.a(interrupt.o)
 .text.intr_isr_gpio_portc
                0x00002560       0xa0 /media/ahmed/Data/Workshop/Embedded Systems/Microcontroller/ARM Microcontroller/CodeComposerStudio/ZeeDK/lib/Debug_GNU/libZeeDK Lib.a(interrupt.o)
 .text.intr_isr_gpio_portd
                0x00002600       0xa0 /media/ahmed/Data/Workshop/Embedded Systems/Microcontroller/ARM Microcontroller/CodeComposerStudio/ZeeDK/lib/Debug_GNU/libZeeDK Lib.a(interrupt.o)
 .text.intr_isr_gpio_porte
                0x000026a0       0xa0 /media/ahmed/Data/Workshop/Embedded Systems/Microcontroller/ARM Microcontroller/CodeComposerStudio/ZeeDK/lib/Debug_GNU/libZeeDK Lib.a(interrupt.o)
 .text.intr_isr_gpio_portf
                0x00002740       0xa0 /media/ahmed/Data/Workshop/Embedded Systems/Microcontroller/ARM Microcontroller/CodeComposerStudio/ZeeDK/lib/Debug_GNU/libZeeDK Lib.a(interrupt.o)
 .text.intr_init
                0x000027e0       0x24 /media/ahmed/Data/Workshop/Embedded Systems/Microcontroller/ARM Microcontroller/CodeComposerStudio/ZeeDK/lib/Debug_GNU/libZeeDK Lib.a(interrupt.o)
                0x000027e0                intr_init
 .text.intr_set_default_handler
                0x00002804       0x20 /media/ahmed/Data/Workshop/Embedded Systems/Microcontroller/ARM Microcontroller/CodeComposerStudio/ZeeDK/lib/Debug_GNU/libZeeDK Lib.a(interrupt.o)
                0x00002804                intr_set_default_handler
 .text.intr_irq_en
                0x00002824       0xf4 /media/ahmed/Data/Workshop/Embedded Systems/Microcontroller/ARM Microcontroller/CodeComposerStudio/ZeeDK/lib/Debug_GNU/libZeeDK Lib.a(interrupt.o)
                0x00002824                intr_irq_en
 .text.intr_irq_dis
                0x00002918       0xf4 /media/ahmed/Data/Workshop/Embedded Systems/Microcontroller/ARM Microcontroller/CodeComposerStudio/ZeeDK/lib/Debug_GNU/libZeeDK Lib.a(interrupt.o)
                0x00002918                intr_irq_dis
 .text.intr_handler_install
                0x00002a0c       0x8c /media/ahmed/Data/Workshop/Embedded Systems/Microcontroller/ARM Microcontroller/CodeComposerStudio/ZeeDK/lib/Debug_GNU/libZeeDK Lib.a(interrupt.o)
                0x00002a0c                intr_handler_install
 .text.intr_handler_uninstall
                0x00002a98       0x90 /media/ahmed/Data/Workshop/Embedded Systems/Microcontroller/ARM Microcontroller/CodeComposerStudio/ZeeDK/lib/Debug_GNU/libZeeDK Lib.a(interrupt.o)
                0x00002a98                intr_handler_uninstall
 .text.intr_handler_get
                0x00002b28       0x90 /media/ahmed/Data/Workshop/Embedded Systems/Microcontroller/ARM Microcontroller/CodeComposerStudio/ZeeDK/lib/Debug_GNU/libZeeDK Lib.a(interrupt.o)
                0x00002b28                intr_handler_get
 .text.intr_vect_install
                0x00002bb8       0x20 /media/ahmed/Data/Workshop/Embedded Systems/Microcontroller/ARM Microcontroller/CodeComposerStudio/ZeeDK/lib/Debug_GNU/libZeeDK Lib.a(interrupt.o)
                0x00002bb8                intr_vect_install
 .text.intr_vect_uninstall
                0x00002bd8       0x1c /media/ahmed/Data/Workshop/Embedded Systems/Microcontroller/ARM Microcontroller/CodeComposerStudio/ZeeDK/lib/Debug_GNU/libZeeDK Lib.a(interrupt.o)
                0x00002bd8                intr_vect_uninstall
 .text.intr_master_en
                0x00002bf4       0x14 /media/ahmed/Data/Workshop/Embedded Systems/Microcontroller/ARM Microcontroller/CodeComposerStudio/ZeeDK/lib/Debug_GNU/libZeeDK Lib.a(interrupt.o)
                0x00002bf4                intr_master_en
 .text.intr_master_dis
                0x00002c08       0x14 /media/ahmed/Data/Workshop/Embedded Systems/Microcontroller/ARM Microcontroller/CodeComposerStudio/ZeeDK/lib/Debug_GNU/libZeeDK Lib.a(interrupt.o)
                0x00002c08                intr_master_dis
 .text.IntrInit
                0x00002c1c       0x10 /media/ahmed/Data/Workshop/Embedded Systems/Microcontroller/ARM Microcontroller/CodeComposerStudio/ZeeDK/lib/Debug_GNU/libZeeDK Lib.a(interrupt.o)
                0x00002c1c                IntrInit
 .text.GPIOPinAttachIntr
                0x00002c2c      0x1fc /media/ahmed/Data/Workshop/Embedded Systems/Microcontroller/ARM Microcontroller/CodeComposerStudio/ZeeDK/lib/Debug_GNU/libZeeDK Lib.a(interrupt.o)
                0x00002c2c                GPIOPinAttachIntr
 .text.GPIOPortAttachIntr
                0x00002e28      0x120 /media/ahmed/Data/Workshop/Embedded Systems/Microcontroller/ARM Microcontroller/CodeComposerStudio/ZeeDK/lib/Debug_GNU/libZeeDK Lib.a(interrupt.o)
                0x00002e28                GPIOPortAttachIntr
 .text.exit     0x00002f48       0x20 /home/ahmed/.ti/ccsv7/tools/compiler/gcc-arm-none-eabi-4_9-2015q3/bin/../lib/gcc/arm-none-eabi/4.9.3/../../../../arm-none-eabi/lib/armv7e-m/fpu/libg.a(lib_a-exit.o)
                0x00002f48                exit
 .text.__libc_init_array
                0x00002f68       0x50 /home/ahmed/.ti/ccsv7/tools/compiler/gcc-arm-none-eabi-4_9-2015q3/bin/../lib/gcc/arm-none-eabi/4.9.3/../../../../arm-none-eabi/lib/armv7e-m/fpu/libg.a(lib_a-init.o)
                0x00002f68                __libc_init_array
 .text.memset   0x00002fb8       0x9c /home/ahmed/.ti/ccsv7/tools/compiler/gcc-arm-none-eabi-4_9-2015q3/bin/../lib/gcc/arm-none-eabi/4.9.3/../../../../arm-none-eabi/lib/armv7e-m/fpu/libg.a(lib_a-memset.o)
                0x00002fb8                memset
 .text.startup.register_fini
                0x00003054       0x14 /home/ahmed/.ti/ccsv7/tools/compiler/gcc-arm-none-eabi-4_9-2015q3/bin/../lib/gcc/arm-none-eabi/4.9.3/../../../../arm-none-eabi/lib/armv7e-m/fpu/libg.a(lib_a-__call_atexit.o)
 .text.__call_exitprocs
                0x00003068       0xd4 /home/ahmed/.ti/ccsv7/tools/compiler/gcc-arm-none-eabi-4_9-2015q3/bin/../lib/gcc/arm-none-eabi/4.9.3/../../../../arm-none-eabi/lib/armv7e-m/fpu/libg.a(lib_a-__call_atexit.o)
                0x00003068                __call_exitprocs
 .text.atexit   0x0000313c        0xc /home/ahmed/.ti/ccsv7/tools/compiler/gcc-arm-none-eabi-4_9-2015q3/bin/../lib/gcc/arm-none-eabi/4.9.3/../../../../arm-none-eabi/lib/armv7e-m/fpu/libg.a(lib_a-atexit.o)
                0x0000313c                atexit
 .text.__libc_fini_array
                0x00003148       0x2c /home/ahmed/.ti/ccsv7/tools/compiler/gcc-arm-none-eabi-4_9-2015q3/bin/../lib/gcc/arm-none-eabi/4.9.3/../../../../arm-none-eabi/lib/armv7e-m/fpu/libg.a(lib_a-fini.o)
                0x00003148                __libc_fini_array
 .text.__register_exitproc
                0x00003174       0xa4 /home/ahmed/.ti/ccsv7/tools/compiler/gcc-arm-none-eabi-4_9-2015q3/bin/../lib/gcc/arm-none-eabi/4.9.3/../../../../arm-none-eabi/lib/armv7e-m/fpu/libg.a(lib_a-__atexit.o)
                0x00003174                __register_exitproc
 .text._exit    0x00003218        0x4 /home/ahmed/.ti/ccsv7/tools/compiler/gcc-arm-none-eabi-4_9-2015q3/bin/../lib/gcc/arm-none-eabi/4.9.3/../../../../arm-none-eabi/lib/armv7e-m/fpu/libnosys.a(_exit.o)
                0x00003218                _exit
                0x0000321c                . = ALIGN (0x4)
 *(.ctors)
                0x0000321c                . = ALIGN (0x4)
 *(.dtors)
                0x0000321c                . = ALIGN (0x4)
                0x0000321c                __init_array_start = .
 *(.init_array*)
 .init_array    0x0000321c        0x4 /home/ahmed/.ti/ccsv7/tools/compiler/gcc-arm-none-eabi-4_9-2015q3/bin/../lib/gcc/arm-none-eabi/4.9.3/armv7e-m/fpu/crtbegin.o
 .init_array.00000
                0x00003220        0x4 /home/ahmed/.ti/ccsv7/tools/compiler/gcc-arm-none-eabi-4_9-2015q3/bin/../lib/gcc/arm-none-eabi/4.9.3/../../../../arm-none-eabi/lib/armv7e-m/fpu/libg.a(lib_a-__call_atexit.o)
                0x00003224                __init_array_end = .
 *(.init)
 .init          0x00003224        0x4 /home/ahmed/.ti/ccsv7/tools/compiler/gcc-arm-none-eabi-4_9-2015q3/bin/../lib/gcc/arm-none-eabi/4.9.3/armv7e-m/fpu/crti.o
                0x00003224                _init
 .init          0x00003228        0x8 /home/ahmed/.ti/ccsv7/tools/compiler/gcc-arm-none-eabi-4_9-2015q3/bin/../lib/gcc/arm-none-eabi/4.9.3/armv7e-m/fpu/crtn.o
 *(.fini*)
 .fini          0x00003230        0x4 /home/ahmed/.ti/ccsv7/tools/compiler/gcc-arm-none-eabi-4_9-2015q3/bin/../lib/gcc/arm-none-eabi/4.9.3/armv7e-m/fpu/crti.o
                0x00003230                _fini
 .fini_array    0x00003234        0x4 /home/ahmed/.ti/ccsv7/tools/compiler/gcc-arm-none-eabi-4_9-2015q3/bin/../lib/gcc/arm-none-eabi/4.9.3/armv7e-m/fpu/crtbegin.o
 .fini          0x00003238        0x8 /home/ahmed/.ti/ccsv7/tools/compiler/gcc-arm-none-eabi-4_9-2015q3/bin/../lib/gcc/arm-none-eabi/4.9.3/armv7e-m/fpu/crtn.o
                0x00003240                PROVIDE (__etext, .)
                0x00003240                PROVIDE (_etext, .)
                0x00003240                PROVIDE (etext, .)

.glue_7         0x00003240        0x0
 .glue_7        0x00000000        0x0 linker stubs

.glue_7t        0x00003240        0x0
 .glue_7t       0x00000000        0x0 linker stubs

.vfp11_veneer   0x00003240        0x0
 .vfp11_veneer  0x00000000        0x0 linker stubs

.v4_bx          0x00003240        0x0
 .v4_bx         0x00000000        0x0 linker stubs

.iplt           0x00003240        0x0
 .iplt          0x00000000        0x0 /home/ahmed/.ti/ccsv7/tools/compiler/gcc-arm-none-eabi-4_9-2015q3/bin/../lib/gcc/arm-none-eabi/4.9.3/armv7e-m/fpu/crtbegin.o

.rodata         0x00003240       0x18
 *(.rodata)
 .rodata        0x00003240       0x10 ./gpio_interrupt2.o
 *(.rodata*)
 .rodata.str1.4
                0x00003250        0x4 /home/ahmed/.ti/ccsv7/tools/compiler/gcc-arm-none-eabi-4_9-2015q3/bin/../lib/gcc/arm-none-eabi/4.9.3/../../../../arm-none-eabi/lib/armv7e-m/fpu/libg.a(lib_a-impure.o)
                                  0x2 (size before relaxing)
 .rodata._global_impure_ptr
                0x00003254        0x4 /home/ahmed/.ti/ccsv7/tools/compiler/gcc-arm-none-eabi-4_9-2015q3/bin/../lib/gcc/arm-none-eabi/4.9.3/../../../../arm-none-eabi/lib/armv7e-m/fpu/libg.a(lib_a-impure.o)
                0x00003254                _global_impure_ptr

.eh_frame       0x00003258        0x4
 .eh_frame      0x00003258        0x0 /home/ahmed/.ti/ccsv7/tools/compiler/gcc-arm-none-eabi-4_9-2015q3/bin/../lib/gcc/arm-none-eabi/4.9.3/armv7e-m/fpu/crtbegin.o
 .eh_frame      0x00003258        0x4 /home/ahmed/.ti/ccsv7/tools/compiler/gcc-arm-none-eabi-4_9-2015q3/bin/../lib/gcc/arm-none-eabi/4.9.3/armv7e-m/fpu/crtend.o

.data           0x20000000      0x794 load address 0x0000325c
                0x0000325c                __data_load__ = LOADADDR (.data)
                0x20000000                __data_start__ = .
 *(.data)
 .data          0x20000000        0x0 /home/ahmed/.ti/ccsv7/tools/compiler/gcc-arm-none-eabi-4_9-2015q3/bin/../lib/gcc/arm-none-eabi/4.9.3/armv7e-m/fpu/crti.o
 .data          0x20000000        0x4 /home/ahmed/.ti/ccsv7/tools/compiler/gcc-arm-none-eabi-4_9-2015q3/bin/../lib/gcc/arm-none-eabi/4.9.3/armv7e-m/fpu/crtbegin.o
                0x20000000                __dso_handle
 .data          0x20000004        0x0 /home/ahmed/.ti/ccsv7/tools/compiler/gcc-arm-none-eabi-4_9-2015q3/bin/../lib/gcc/arm-none-eabi/4.9.3/../../../../arm-none-eabi/lib/armv7e-m/fpu/crt0.o
 .data          0x20000004        0x0 ./gpio_interrupt.o
 .data          0x20000004        0x0 ./gpio_interrupt2.o
 .data          0x20000004        0x0 ./startup_gnu_tm4c123gh6pm.o
 .data          0x20000004        0x0 /media/ahmed/Data/Workshop/Embedded Systems/Microcontroller/ARM Microcontroller/CodeComposerStudio/ZeeDK/lib/Debug_GNU/libZeeDK Lib.a(gpio.o)
 .data          0x20000004        0x0 /media/ahmed/Data/Workshop/Embedded Systems/Microcontroller/ARM Microcontroller/CodeComposerStudio/ZeeDK/lib/Debug_GNU/libZeeDK Lib.a(interrupt.o)
 .data          0x20000004        0x0 /home/ahmed/.ti/ccsv7/tools/compiler/gcc-arm-none-eabi-4_9-2015q3/bin/../lib/gcc/arm-none-eabi/4.9.3/../../../../arm-none-eabi/lib/armv7e-m/fpu/libg.a(lib_a-exit.o)
 .data          0x20000004        0x0 /home/ahmed/.ti/ccsv7/tools/compiler/gcc-arm-none-eabi-4_9-2015q3/bin/../lib/gcc/arm-none-eabi/4.9.3/../../../../arm-none-eabi/lib/armv7e-m/fpu/libg.a(lib_a-impure.o)
 .data          0x20000004        0x0 /home/ahmed/.ti/ccsv7/tools/compiler/gcc-arm-none-eabi-4_9-2015q3/bin/../lib/gcc/arm-none-eabi/4.9.3/../../../../arm-none-eabi/lib/armv7e-m/fpu/libg.a(lib_a-init.o)
 .data          0x20000004        0x0 /home/ahmed/.ti/ccsv7/tools/compiler/gcc-arm-none-eabi-4_9-2015q3/bin/../lib/gcc/arm-none-eabi/4.9.3/../../../../arm-none-eabi/lib/armv7e-m/fpu/libg.a(lib_a-memset.o)
 .data          0x20000004        0x0 /home/ahmed/.ti/ccsv7/tools/compiler/gcc-arm-none-eabi-4_9-2015q3/bin/../lib/gcc/arm-none-eabi/4.9.3/../../../../arm-none-eabi/lib/armv7e-m/fpu/libg.a(lib_a-__call_atexit.o)
 .data          0x20000004        0x0 /home/ahmed/.ti/ccsv7/tools/compiler/gcc-arm-none-eabi-4_9-2015q3/bin/../lib/gcc/arm-none-eabi/4.9.3/../../../../arm-none-eabi/lib/armv7e-m/fpu/libg.a(lib_a-atexit.o)
 .data          0x20000004        0x0 /home/ahmed/.ti/ccsv7/tools/compiler/gcc-arm-none-eabi-4_9-2015q3/bin/../lib/gcc/arm-none-eabi/4.9.3/../../../../arm-none-eabi/lib/armv7e-m/fpu/libg.a(lib_a-fini.o)
 .data          0x20000004        0x0 /home/ahmed/.ti/ccsv7/tools/compiler/gcc-arm-none-eabi-4_9-2015q3/bin/../lib/gcc/arm-none-eabi/4.9.3/../../../../arm-none-eabi/lib/armv7e-m/fpu/libg.a(lib_a-__atexit.o)
 .data          0x20000004        0x0 /home/ahmed/.ti/ccsv7/tools/compiler/gcc-arm-none-eabi-4_9-2015q3/bin/../lib/gcc/arm-none-eabi/4.9.3/../../../../arm-none-eabi/lib/armv7e-m/fpu/libnosys.a(_exit.o)
 .data          0x20000004        0x0 /home/ahmed/.ti/ccsv7/tools/compiler/gcc-arm-none-eabi-4_9-2015q3/bin/../lib/gcc/arm-none-eabi/4.9.3/armv7e-m/fpu/crtend.o
 .data          0x20000004        0x0 /home/ahmed/.ti/ccsv7/tools/compiler/gcc-arm-none-eabi-4_9-2015q3/bin/../lib/gcc/arm-none-eabi/4.9.3/armv7e-m/fpu/crtn.o
 *(.data*)
 .data.greenLed
                0x20000004        0xc ./gpio_interrupt2.o
                0x20000004                greenLed
 .data.redLed   0x20000010        0xc ./gpio_interrupt2.o
                0x20000010                redLed
 .data.switch1  0x2000001c        0xc ./gpio_interrupt2.o
                0x2000001c                switch1
 .data.switch2  0x20000028        0xc ./gpio_interrupt2.o
                0x20000028                switch2
 .data.INTR_ISR_RESET
                0x20000034        0x4 /media/ahmed/Data/Workshop/Embedded Systems/Microcontroller/ARM Microcontroller/CodeComposerStudio/ZeeDK/lib/Debug_GNU/libZeeDK Lib.a(interrupt.o)
 .data.INTR_ISR_DEFAULT
                0x20000038        0x4 /media/ahmed/Data/Workshop/Embedded Systems/Microcontroller/ARM Microcontroller/CodeComposerStudio/ZeeDK/lib/Debug_GNU/libZeeDK Lib.a(interrupt.o)
 .data.vector_table
                0x2000003c      0x268 /media/ahmed/Data/Workshop/Embedded Systems/Microcontroller/ARM Microcontroller/CodeComposerStudio/ZeeDK/lib/Debug_GNU/libZeeDK Lib.a(interrupt.o)
 .data.intr_isr_gpio_porta_vect
                0x200002a4       0x20 /media/ahmed/Data/Workshop/Embedded Systems/Microcontroller/ARM Microcontroller/CodeComposerStudio/ZeeDK/lib/Debug_GNU/libZeeDK Lib.a(interrupt.o)
 .data.intr_isr_gpio_portb_vect
                0x200002c4       0x20 /media/ahmed/Data/Workshop/Embedded Systems/Microcontroller/ARM Microcontroller/CodeComposerStudio/ZeeDK/lib/Debug_GNU/libZeeDK Lib.a(interrupt.o)
 .data.intr_isr_gpio_portc_vect
                0x200002e4       0x20 /media/ahmed/Data/Workshop/Embedded Systems/Microcontroller/ARM Microcontroller/CodeComposerStudio/ZeeDK/lib/Debug_GNU/libZeeDK Lib.a(interrupt.o)
 .data.intr_isr_gpio_portd_vect
                0x20000304       0x20 /media/ahmed/Data/Workshop/Embedded Systems/Microcontroller/ARM Microcontroller/CodeComposerStudio/ZeeDK/lib/Debug_GNU/libZeeDK Lib.a(interrupt.o)
 .data.intr_isr_gpio_porte_vect
                0x20000324       0x20 /media/ahmed/Data/Workshop/Embedded Systems/Microcontroller/ARM Microcontroller/CodeComposerStudio/ZeeDK/lib/Debug_GNU/libZeeDK Lib.a(interrupt.o)
 .data.intr_isr_gpio_portf_vect
                0x20000344       0x20 /media/ahmed/Data/Workshop/Embedded Systems/Microcontroller/ARM Microcontroller/CodeComposerStudio/ZeeDK/lib/Debug_GNU/libZeeDK Lib.a(interrupt.o)
 *fill*         0x20000364        0x4 
 .data.impure_data
                0x20000368      0x428 /home/ahmed/.ti/ccsv7/tools/compiler/gcc-arm-none-eabi-4_9-2015q3/bin/../lib/gcc/arm-none-eabi/4.9.3/../../../../arm-none-eabi/lib/armv7e-m/fpu/libg.a(lib_a-impure.o)
 .data._impure_ptr
                0x20000790        0x4 /home/ahmed/.ti/ccsv7/tools/compiler/gcc-arm-none-eabi-4_9-2015q3/bin/../lib/gcc/arm-none-eabi/4.9.3/../../../../arm-none-eabi/lib/armv7e-m/fpu/libg.a(lib_a-impure.o)
                0x20000790                _impure_ptr
                0x20000794                . = ALIGN (0x4)
                0x20000794                __data_end__ = .

.jcr            0x20000794        0x4 load address 0x000039f0
 .jcr           0x20000794        0x0 /home/ahmed/.ti/ccsv7/tools/compiler/gcc-arm-none-eabi-4_9-2015q3/bin/../lib/gcc/arm-none-eabi/4.9.3/armv7e-m/fpu/crtbegin.o
 .jcr           0x20000794        0x4 /home/ahmed/.ti/ccsv7/tools/compiler/gcc-arm-none-eabi-4_9-2015q3/bin/../lib/gcc/arm-none-eabi/4.9.3/armv7e-m/fpu/crtend.o

.igot.plt       0x20000798        0x0 load address 0x000039f4
 .igot.plt      0x00000000        0x0 /home/ahmed/.ti/ccsv7/tools/compiler/gcc-arm-none-eabi-4_9-2015q3/bin/../lib/gcc/arm-none-eabi/4.9.3/armv7e-m/fpu/crtbegin.o

.ARM.exidx      0x000039f4        0x8
                0x000039f4                __exidx_start = .
 *(.ARM.exidx* .gnu.linkonce.armexidx.*)
 .ARM.exidx     0x000039f4        0x8 /home/ahmed/.ti/ccsv7/tools/compiler/gcc-arm-none-eabi-4_9-2015q3/bin/../lib/gcc/arm-none-eabi/4.9.3/../../../../arm-none-eabi/lib/armv7e-m/fpu/crt0.o
                0x000039fc                __exidx_end = .

.ARM.extab      0x000039fc        0x0
 *(.ARM.extab* .gnu.linkonce.armextab.*)
 .ARM.extab     0x000039fc        0x0 /home/ahmed/.ti/ccsv7/tools/compiler/gcc-arm-none-eabi-4_9-2015q3/bin/../lib/gcc/arm-none-eabi/4.9.3/../../../../arm-none-eabi/lib/armv7e-m/fpu/crt0.o

.rel.dyn        0x000039fc        0x0
 .rel.iplt      0x00000000        0x0 /home/ahmed/.ti/ccsv7/tools/compiler/gcc-arm-none-eabi-4_9-2015q3/bin/../lib/gcc/arm-none-eabi/4.9.3/armv7e-m/fpu/crtbegin.o

.bss            0x20000798      0x21c
                0x20000798                __bss_start__ = .
 *(.shbss)
 *(.bss)
 .bss           0x20000798        0x0 /home/ahmed/.ti/ccsv7/tools/compiler/gcc-arm-none-eabi-4_9-2015q3/bin/../lib/gcc/arm-none-eabi/4.9.3/armv7e-m/fpu/crti.o
 .bss           0x20000798       0x1c /home/ahmed/.ti/ccsv7/tools/compiler/gcc-arm-none-eabi-4_9-2015q3/bin/../lib/gcc/arm-none-eabi/4.9.3/armv7e-m/fpu/crtbegin.o
 .bss           0x200007b4        0x0 /home/ahmed/.ti/ccsv7/tools/compiler/gcc-arm-none-eabi-4_9-2015q3/bin/../lib/gcc/arm-none-eabi/4.9.3/../../../../arm-none-eabi/lib/armv7e-m/fpu/crt0.o
 .bss           0x200007b4        0x0 ./gpio_interrupt.o
 .bss           0x200007b4        0x0 ./gpio_interrupt2.o
 .bss           0x200007b4        0x0 ./startup_gnu_tm4c123gh6pm.o
 .bss           0x200007b4        0x0 /media/ahmed/Data/Workshop/Embedded Systems/Microcontroller/ARM Microcontroller/CodeComposerStudio/ZeeDK/lib/Debug_GNU/libZeeDK Lib.a(gpio.o)
 .bss           0x200007b4        0x0 /media/ahmed/Data/Workshop/Embedded Systems/Microcontroller/ARM Microcontroller/CodeComposerStudio/ZeeDK/lib/Debug_GNU/libZeeDK Lib.a(interrupt.o)
 .bss           0x200007b4        0x0 /home/ahmed/.ti/ccsv7/tools/compiler/gcc-arm-none-eabi-4_9-2015q3/bin/../lib/gcc/arm-none-eabi/4.9.3/../../../../arm-none-eabi/lib/armv7e-m/fpu/libg.a(lib_a-exit.o)
 .bss           0x200007b4        0x0 /home/ahmed/.ti/ccsv7/tools/compiler/gcc-arm-none-eabi-4_9-2015q3/bin/../lib/gcc/arm-none-eabi/4.9.3/../../../../arm-none-eabi/lib/armv7e-m/fpu/libg.a(lib_a-impure.o)
 .bss           0x200007b4        0x0 /home/ahmed/.ti/ccsv7/tools/compiler/gcc-arm-none-eabi-4_9-2015q3/bin/../lib/gcc/arm-none-eabi/4.9.3/../../../../arm-none-eabi/lib/armv7e-m/fpu/libg.a(lib_a-init.o)
 .bss           0x200007b4        0x0 /home/ahmed/.ti/ccsv7/tools/compiler/gcc-arm-none-eabi-4_9-2015q3/bin/../lib/gcc/arm-none-eabi/4.9.3/../../../../arm-none-eabi/lib/armv7e-m/fpu/libg.a(lib_a-memset.o)
 .bss           0x200007b4        0x0 /home/ahmed/.ti/ccsv7/tools/compiler/gcc-arm-none-eabi-4_9-2015q3/bin/../lib/gcc/arm-none-eabi/4.9.3/../../../../arm-none-eabi/lib/armv7e-m/fpu/libg.a(lib_a-__call_atexit.o)
 .bss           0x200007b4        0x0 /home/ahmed/.ti/ccsv7/tools/compiler/gcc-arm-none-eabi-4_9-2015q3/bin/../lib/gcc/arm-none-eabi/4.9.3/../../../../arm-none-eabi/lib/armv7e-m/fpu/libg.a(lib_a-atexit.o)
 .bss           0x200007b4        0x0 /home/ahmed/.ti/ccsv7/tools/compiler/gcc-arm-none-eabi-4_9-2015q3/bin/../lib/gcc/arm-none-eabi/4.9.3/../../../../arm-none-eabi/lib/armv7e-m/fpu/libg.a(lib_a-fini.o)
 .bss           0x200007b4        0x0 /home/ahmed/.ti/ccsv7/tools/compiler/gcc-arm-none-eabi-4_9-2015q3/bin/../lib/gcc/arm-none-eabi/4.9.3/../../../../arm-none-eabi/lib/armv7e-m/fpu/libg.a(lib_a-__atexit.o)
 .bss           0x200007b4        0x0 /home/ahmed/.ti/ccsv7/tools/compiler/gcc-arm-none-eabi-4_9-2015q3/bin/../lib/gcc/arm-none-eabi/4.9.3/../../../../arm-none-eabi/lib/armv7e-m/fpu/libnosys.a(_exit.o)
 .bss           0x200007b4        0x0 /home/ahmed/.ti/ccsv7/tools/compiler/gcc-arm-none-eabi-4_9-2015q3/bin/../lib/gcc/arm-none-eabi/4.9.3/armv7e-m/fpu/crtend.o
 .bss           0x200007b4        0x0 /home/ahmed/.ti/ccsv7/tools/compiler/gcc-arm-none-eabi-4_9-2015q3/bin/../lib/gcc/arm-none-eabi/4.9.3/armv7e-m/fpu/crtn.o
 *(.bss.*)
 .bss.pui32Stack
                0x200007b4      0x200 ./startup_gnu_tm4c123gh6pm.o
 *(COMMON)
                0x200009b4                . = ALIGN (0x4)
                0x200009b4                __bss_end__ = .

.heap           0x200009b4        0x0
                0x200009b4                __heap_start__ = .
                0x200009b4                end = __heap_start__
                0x200009b4                _end = end
                0x200009b4                __end = end
 *(.heap)
                0x200009b4                __heap_end__ = .
                0x200009b4                __HeapLimit = __heap_end__

.stack          0x200009b8        0x0
                0x200009b8                _stack = .
                0x200009b8                __stack = .
 *(.stack)
START GROUP
LOAD /media/ahmed/Data/Workshop/Embedded Systems/Microcontroller/ARM Microcontroller/CodeComposerStudio/ZeeDK/lib/Debug_GNU/libZeeDK Lib.a
END GROUP
START GROUP
LOAD /home/ahmed/.ti/ccsv7/tools/compiler/gcc-arm-none-eabi-4_9-2015q3/bin/../lib/gcc/arm-none-eabi/4.9.3/armv7e-m/fpu/libgcc.a
LOAD /home/ahmed/.ti/ccsv7/tools/compiler/gcc-arm-none-eabi-4_9-2015q3/bin/../lib/gcc/arm-none-eabi/4.9.3/../../../../arm-none-eabi/lib/armv7e-m/fpu/libg.a
LOAD /home/ahmed/.ti/ccsv7/tools/compiler/gcc-arm-none-eabi-4_9-2015q3/bin/../lib/gcc/arm-none-eabi/4.9.3/../../../../arm-none-eabi/lib/armv7e-m/fpu/libc.a
END GROUP
START GROUP
LOAD /home/ahmed/.ti/ccsv7/tools/compiler/gcc-arm-none-eabi-4_9-2015q3/bin/../lib/gcc/arm-none-eabi/4.9.3/armv7e-m/fpu/libgcc.a
LOAD /home/ahmed/.ti/ccsv7/tools/compiler/gcc-arm-none-eabi-4_9-2015q3/bin/../lib/gcc/arm-none-eabi/4.9.3/../../../../arm-none-eabi/lib/armv7e-m/fpu/libc.a
LOAD /home/ahmed/.ti/ccsv7/tools/compiler/gcc-arm-none-eabi-4_9-2015q3/bin/../lib/gcc/arm-none-eabi/4.9.3/../../../../arm-none-eabi/lib/armv7e-m/fpu/libnosys.a
END GROUP
LOAD /home/ahmed/.ti/ccsv7/tools/compiler/gcc-arm-none-eabi-4_9-2015q3/bin/../lib/gcc/arm-none-eabi/4.9.3/armv7e-m/fpu/crtend.o
LOAD /home/ahmed/.ti/ccsv7/tools/compiler/gcc-arm-none-eabi-4_9-2015q3/bin/../lib/gcc/arm-none-eabi/4.9.3/armv7e-m/fpu/crtn.o
OUTPUT(ZeeDK GPIO Interrupt.out elf32-littlearm)

.ARM.attributes
                0x00000000       0x30
 .ARM.attributes
                0x00000000       0x22 /home/ahmed/.ti/ccsv7/tools/compiler/gcc-arm-none-eabi-4_9-2015q3/bin/../lib/gcc/arm-none-eabi/4.9.3/armv7e-m/fpu/crti.o
 .ARM.attributes
                0x00000022       0x34 /home/ahmed/.ti/ccsv7/tools/compiler/gcc-arm-none-eabi-4_9-2015q3/bin/../lib/gcc/arm-none-eabi/4.9.3/armv7e-m/fpu/crtbegin.o
 .ARM.attributes
                0x00000056       0x20 /home/ahmed/.ti/ccsv7/tools/compiler/gcc-arm-none-eabi-4_9-2015q3/bin/../lib/gcc/arm-none-eabi/4.9.3/../../../../arm-none-eabi/lib/armv7e-m/fpu/crt0.o
 .ARM.attributes
                0x00000076       0x39 ./gpio_interrupt.o
 .ARM.attributes
                0x000000af       0x39 ./gpio_interrupt2.o
 .ARM.attributes
                0x000000e8       0x39 ./startup_gnu_tm4c123gh6pm.o
 .ARM.attributes
                0x00000121       0x39 /media/ahmed/Data/Workshop/Embedded Systems/Microcontroller/ARM Microcontroller/CodeComposerStudio/ZeeDK/lib/Debug_GNU/libZeeDK Lib.a(gpio.o)
 .ARM.attributes
                0x0000015a       0x39 /media/ahmed/Data/Workshop/Embedded Systems/Microcontroller/ARM Microcontroller/CodeComposerStudio/ZeeDK/lib/Debug_GNU/libZeeDK Lib.a(interrupt.o)
 .ARM.attributes
                0x00000193       0x34 /home/ahmed/.ti/ccsv7/tools/compiler/gcc-arm-none-eabi-4_9-2015q3/bin/../lib/gcc/arm-none-eabi/4.9.3/../../../../arm-none-eabi/lib/armv7e-m/fpu/libg.a(lib_a-exit.o)
 .ARM.attributes
                0x000001c7       0x34 /home/ahmed/.ti/ccsv7/tools/compiler/gcc-arm-none-eabi-4_9-2015q3/bin/../lib/gcc/arm-none-eabi/4.9.3/../../../../arm-none-eabi/lib/armv7e-m/fpu/libg.a(lib_a-impure.o)
 .ARM.attributes
                0x000001fb       0x34 /home/ahmed/.ti/ccsv7/tools/compiler/gcc-arm-none-eabi-4_9-2015q3/bin/../lib/gcc/arm-none-eabi/4.9.3/../../../../arm-none-eabi/lib/armv7e-m/fpu/libg.a(lib_a-init.o)
 .ARM.attributes
                0x0000022f       0x34 /home/ahmed/.ti/ccsv7/tools/compiler/gcc-arm-none-eabi-4_9-2015q3/bin/../lib/gcc/arm-none-eabi/4.9.3/../../../../arm-none-eabi/lib/armv7e-m/fpu/libg.a(lib_a-memset.o)
 .ARM.attributes
                0x00000263       0x34 /home/ahmed/.ti/ccsv7/tools/compiler/gcc-arm-none-eabi-4_9-2015q3/bin/../lib/gcc/arm-none-eabi/4.9.3/../../../../arm-none-eabi/lib/armv7e-m/fpu/libg.a(lib_a-__call_atexit.o)
 .ARM.attributes
                0x00000297       0x34 /home/ahmed/.ti/ccsv7/tools/compiler/gcc-arm-none-eabi-4_9-2015q3/bin/../lib/gcc/arm-none-eabi/4.9.3/../../../../arm-none-eabi/lib/armv7e-m/fpu/libg.a(lib_a-atexit.o)
 .ARM.attributes
                0x000002cb       0x34 /home/ahmed/.ti/ccsv7/tools/compiler/gcc-arm-none-eabi-4_9-2015q3/bin/../lib/gcc/arm-none-eabi/4.9.3/../../../../arm-none-eabi/lib/armv7e-m/fpu/libg.a(lib_a-fini.o)
 .ARM.attributes
                0x000002ff       0x34 /home/ahmed/.ti/ccsv7/tools/compiler/gcc-arm-none-eabi-4_9-2015q3/bin/../lib/gcc/arm-none-eabi/4.9.3/../../../../arm-none-eabi/lib/armv7e-m/fpu/libg.a(lib_a-__atexit.o)
 .ARM.attributes
                0x00000333       0x34 /home/ahmed/.ti/ccsv7/tools/compiler/gcc-arm-none-eabi-4_9-2015q3/bin/../lib/gcc/arm-none-eabi/4.9.3/../../../../arm-none-eabi/lib/armv7e-m/fpu/libnosys.a(_exit.o)
 .ARM.attributes
                0x00000367       0x34 /home/ahmed/.ti/ccsv7/tools/compiler/gcc-arm-none-eabi-4_9-2015q3/bin/../lib/gcc/arm-none-eabi/4.9.3/armv7e-m/fpu/crtend.o
 .ARM.attributes
                0x0000039b       0x22 /home/ahmed/.ti/ccsv7/tools/compiler/gcc-arm-none-eabi-4_9-2015q3/bin/../lib/gcc/arm-none-eabi/4.9.3/armv7e-m/fpu/crtn.o

.comment        0x00000000       0x70
 .comment       0x00000000       0x70 ./gpio_interrupt.o
                                 0x71 (size before relaxing)
 .comment       0x00000000       0x71 ./gpio_interrupt2.o
 .comment       0x00000000       0x71 ./startup_gnu_tm4c123gh6pm.o
 .comment       0x00000000       0x71 /media/ahmed/Data/Workshop/Embedded Systems/Microcontroller/ARM Microcontroller/CodeComposerStudio/ZeeDK/lib/Debug_GNU/libZeeDK Lib.a(gpio.o)
 .comment       0x00000000       0x71 /media/ahmed/Data/Workshop/Embedded Systems/Microcontroller/ARM Microcontroller/CodeComposerStudio/ZeeDK/lib/Debug_GNU/libZeeDK Lib.a(interrupt.o)

.debug_line     0x00000000     0x1258
 .debug_line    0x00000000        0x0 ./gpio_interrupt.o
 .debug_line    0x00000000      0x2e2 ./gpio_interrupt2.o
 .debug_line    0x000002e2      0x168 ./startup_gnu_tm4c123gh6pm.o
 .debug_line    0x0000044a      0x941 /media/ahmed/Data/Workshop/Embedded Systems/Microcontroller/ARM Microcontroller/CodeComposerStudio/ZeeDK/lib/Debug_GNU/libZeeDK Lib.a(gpio.o)
 .debug_line    0x00000d8b      0x4cd /media/ahmed/Data/Workshop/Embedded Systems/Microcontroller/ARM Microcontroller/CodeComposerStudio/ZeeDK/lib/Debug_GNU/libZeeDK Lib.a(interrupt.o)

.debug_str      0x00000000     0x1afb
 .debug_str     0x00000000      0x19a ./gpio_interrupt.o
 .debug_str     0x0000019a      0xe26 ./gpio_interrupt2.o
                               0x1008 (size before relaxing)
 .debug_str     0x00000fc0       0xa6 ./startup_gnu_tm4c123gh6pm.o
                                0x2c4 (size before relaxing)
 .debug_str     0x00001066      0x7a2 /media/ahmed/Data/Workshop/Embedded Systems/Microcontroller/ARM Microcontroller/CodeComposerStudio/ZeeDK/lib/Debug_GNU/libZeeDK Lib.a(gpio.o)
                                0xb21 (size before relaxing)
 .debug_str     0x00001808      0x2f3 /media/ahmed/Data/Workshop/Embedded Systems/Microcontroller/ARM Microcontroller/CodeComposerStudio/ZeeDK/lib/Debug_GNU/libZeeDK Lib.a(interrupt.o)
                               0x13c6 (size before relaxing)

.debug_info     0x00000000     0x2bd8
 .debug_info    0x00000000      0x715 ./gpio_interrupt2.o
 .debug_info    0x00000715      0x176 ./startup_gnu_tm4c123gh6pm.o
 .debug_info    0x0000088b     0x16c8 /media/ahmed/Data/Workshop/Embedded Systems/Microcontroller/ARM Microcontroller/CodeComposerStudio/ZeeDK/lib/Debug_GNU/libZeeDK Lib.a(gpio.o)
 .debug_info    0x00001f53      0xc85 /media/ahmed/Data/Workshop/Embedded Systems/Microcontroller/ARM Microcontroller/CodeComposerStudio/ZeeDK/lib/Debug_GNU/libZeeDK Lib.a(interrupt.o)

.debug_abbrev   0x00000000      0x4a2
 .debug_abbrev  0x00000000       0xf0 ./gpio_interrupt2.o
 .debug_abbrev  0x000000f0       0xca ./startup_gnu_tm4c123gh6pm.o
 .debug_abbrev  0x000001ba      0x162 /media/ahmed/Data/Workshop/Embedded Systems/Microcontroller/ARM Microcontroller/CodeComposerStudio/ZeeDK/lib/Debug_GNU/libZeeDK Lib.a(gpio.o)
 .debug_abbrev  0x0000031c      0x186 /media/ahmed/Data/Workshop/Embedded Systems/Microcontroller/ARM Microcontroller/CodeComposerStudio/ZeeDK/lib/Debug_GNU/libZeeDK Lib.a(interrupt.o)

.debug_aranges  0x00000000      0x388
 .debug_aranges
                0x00000000       0x30 ./gpio_interrupt2.o
 .debug_aranges
                0x00000030       0x38 ./startup_gnu_tm4c123gh6pm.o
 .debug_aranges
                0x00000068      0x238 /media/ahmed/Data/Workshop/Embedded Systems/Microcontroller/ARM Microcontroller/CodeComposerStudio/ZeeDK/lib/Debug_GNU/libZeeDK Lib.a(gpio.o)
 .debug_aranges
                0x000002a0       0xe8 /media/ahmed/Data/Workshop/Embedded Systems/Microcontroller/ARM Microcontroller/CodeComposerStudio/ZeeDK/lib/Debug_GNU/libZeeDK Lib.a(interrupt.o)

.debug_ranges   0x00000000      0x348
 .debug_ranges  0x00000000       0x20 ./gpio_interrupt2.o
 .debug_ranges  0x00000020       0x28 ./startup_gnu_tm4c123gh6pm.o
 .debug_ranges  0x00000048      0x228 /media/ahmed/Data/Workshop/Embedded Systems/Microcontroller/ARM Microcontroller/CodeComposerStudio/ZeeDK/lib/Debug_GNU/libZeeDK Lib.a(gpio.o)
 .debug_ranges  0x00000270       0xd8 /media/ahmed/Data/Workshop/Embedded Systems/Microcontroller/ARM Microcontroller/CodeComposerStudio/ZeeDK/lib/Debug_GNU/libZeeDK Lib.a(interrupt.o)

.debug_frame    0x00000000      0xfd4
 .debug_frame   0x00000000       0x78 ./gpio_interrupt2.o
 .debug_frame   0x00000078       0x7c ./startup_gnu_tm4c123gh6pm.o
 .debug_frame   0x000000f4      0x9c8 /media/ahmed/Data/Workshop/Embedded Systems/Microcontroller/ARM Microcontroller/CodeComposerStudio/ZeeDK/lib/Debug_GNU/libZeeDK Lib.a(gpio.o)
 .debug_frame   0x00000abc      0x398 /media/ahmed/Data/Workshop/Embedded Systems/Microcontroller/ARM Microcontroller/CodeComposerStudio/ZeeDK/lib/Debug_GNU/libZeeDK Lib.a(interrupt.o)
 .debug_frame   0x00000e54       0x28 /home/ahmed/.ti/ccsv7/tools/compiler/gcc-arm-none-eabi-4_9-2015q3/bin/../lib/gcc/arm-none-eabi/4.9.3/../../../../arm-none-eabi/lib/armv7e-m/fpu/libg.a(lib_a-exit.o)
 .debug_frame   0x00000e7c       0x2c /home/ahmed/.ti/ccsv7/tools/compiler/gcc-arm-none-eabi-4_9-2015q3/bin/../lib/gcc/arm-none-eabi/4.9.3/../../../../arm-none-eabi/lib/armv7e-m/fpu/libg.a(lib_a-init.o)
 .debug_frame   0x00000ea8       0x34 /home/ahmed/.ti/ccsv7/tools/compiler/gcc-arm-none-eabi-4_9-2015q3/bin/../lib/gcc/arm-none-eabi/4.9.3/../../../../arm-none-eabi/lib/armv7e-m/fpu/libg.a(lib_a-memset.o)
 .debug_frame   0x00000edc       0x50 /home/ahmed/.ti/ccsv7/tools/compiler/gcc-arm-none-eabi-4_9-2015q3/bin/../lib/gcc/arm-none-eabi/4.9.3/../../../../arm-none-eabi/lib/armv7e-m/fpu/libg.a(lib_a-__call_atexit.o)
 .debug_frame   0x00000f2c       0x20 /home/ahmed/.ti/ccsv7/tools/compiler/gcc-arm-none-eabi-4_9-2015q3/bin/../lib/gcc/arm-none-eabi/4.9.3/../../../../arm-none-eabi/lib/armv7e-m/fpu/libg.a(lib_a-atexit.o)
 .debug_frame   0x00000f4c       0x34 /home/ahmed/.ti/ccsv7/tools/compiler/gcc-arm-none-eabi-4_9-2015q3/bin/../lib/gcc/arm-none-eabi/4.9.3/../../../../arm-none-eabi/lib/armv7e-m/fpu/libg.a(lib_a-fini.o)
 .debug_frame   0x00000f80       0x34 /home/ahmed/.ti/ccsv7/tools/compiler/gcc-arm-none-eabi-4_9-2015q3/bin/../lib/gcc/arm-none-eabi/4.9.3/../../../../arm-none-eabi/lib/armv7e-m/fpu/libg.a(lib_a-__atexit.o)
 .debug_frame   0x00000fb4       0x20 /home/ahmed/.ti/ccsv7/tools/compiler/gcc-arm-none-eabi-4_9-2015q3/bin/../lib/gcc/arm-none-eabi/4.9.3/../../../../arm-none-eabi/lib/armv7e-m/fpu/libnosys.a(_exit.o)
