Archive member included because of file (symbol)

/home/ahmed/.ti/ccsv7/tools/compiler/gcc-arm-none-eabi-4_9-2015q3/bin/../lib/gcc/arm-none-eabi/4.9.3/../../../../arm-none-eabi/lib/armv7e-m/fpu/libg.a(lib_a-exit.o)
                              /home/ahmed/.ti/ccsv7/tools/compiler/gcc-arm-none-eabi-4_9-2015q3/bin/../lib/gcc/arm-none-eabi/4.9.3/../../../../arm-none-eabi/lib/armv7e-m/fpu/crt0.o (exit)
/home/ahmed/.ti/ccsv7/tools/compiler/gcc-arm-none-eabi-4_9-2015q3/bin/../lib/gcc/arm-none-eabi/4.9.3/../../../../arm-none-eabi/lib/armv7e-m/fpu/libg.a(lib_a-impure.o)
                              /home/ahmed/.ti/ccsv7/tools/compiler/gcc-arm-none-eabi-4_9-2015q3/bin/../lib/gcc/arm-none-eabi/4.9.3/../../../../arm-none-eabi/lib/armv7e-m/fpu/libg.a(lib_a-exit.o) (_global_impure_ptr)
/home/ahmed/.ti/ccsv7/tools/compiler/gcc-arm-none-eabi-4_9-2015q3/bin/../lib/gcc/arm-none-eabi/4.9.3/../../../../arm-none-eabi/lib/armv7e-m/fpu/libg.a(lib_a-init.o)
                              /home/ahmed/.ti/ccsv7/tools/compiler/gcc-arm-none-eabi-4_9-2015q3/bin/../lib/gcc/arm-none-eabi/4.9.3/../../../../arm-none-eabi/lib/armv7e-m/fpu/crt0.o (__libc_init_array)
/home/ahmed/.ti/ccsv7/tools/compiler/gcc-arm-none-eabi-4_9-2015q3/bin/../lib/gcc/arm-none-eabi/4.9.3/../../../../arm-none-eabi/lib/armv7e-m/fpu/libg.a(lib_a-memset.o)
                              /home/ahmed/.ti/ccsv7/tools/compiler/gcc-arm-none-eabi-4_9-2015q3/bin/../lib/gcc/arm-none-eabi/4.9.3/../../../../arm-none-eabi/lib/armv7e-m/fpu/crt0.o (memset)
/home/ahmed/.ti/ccsv7/tools/compiler/gcc-arm-none-eabi-4_9-2015q3/bin/../lib/gcc/arm-none-eabi/4.9.3/../../../../arm-none-eabi/lib/armv7e-m/fpu/libg.a(lib_a-__call_atexit.o)
                              /home/ahmed/.ti/ccsv7/tools/compiler/gcc-arm-none-eabi-4_9-2015q3/bin/../lib/gcc/arm-none-eabi/4.9.3/../../../../arm-none-eabi/lib/armv7e-m/fpu/libg.a(lib_a-exit.o) (__call_exitprocs)
/home/ahmed/.ti/ccsv7/tools/compiler/gcc-arm-none-eabi-4_9-2015q3/bin/../lib/gcc/arm-none-eabi/4.9.3/../../../../arm-none-eabi/lib/armv7e-m/fpu/libg.a(lib_a-atexit.o)
                              /home/ahmed/.ti/ccsv7/tools/compiler/gcc-arm-none-eabi-4_9-2015q3/bin/../lib/gcc/arm-none-eabi/4.9.3/../../../../arm-none-eabi/lib/armv7e-m/fpu/libg.a(lib_a-__call_atexit.o) (atexit)
/home/ahmed/.ti/ccsv7/tools/compiler/gcc-arm-none-eabi-4_9-2015q3/bin/../lib/gcc/arm-none-eabi/4.9.3/../../../../arm-none-eabi/lib/armv7e-m/fpu/libg.a(lib_a-fini.o)
                              /home/ahmed/.ti/ccsv7/tools/compiler/gcc-arm-none-eabi-4_9-2015q3/bin/../lib/gcc/arm-none-eabi/4.9.3/../../../../arm-none-eabi/lib/armv7e-m/fpu/libg.a(lib_a-__call_atexit.o) (__libc_fini_array)
/home/ahmed/.ti/ccsv7/tools/compiler/gcc-arm-none-eabi-4_9-2015q3/bin/../lib/gcc/arm-none-eabi/4.9.3/../../../../arm-none-eabi/lib/armv7e-m/fpu/libg.a(lib_a-__atexit.o)
                              /home/ahmed/.ti/ccsv7/tools/compiler/gcc-arm-none-eabi-4_9-2015q3/bin/../lib/gcc/arm-none-eabi/4.9.3/../../../../arm-none-eabi/lib/armv7e-m/fpu/libg.a(lib_a-atexit.o) (__register_exitproc)
/home/ahmed/.ti/ccsv7/tools/compiler/gcc-arm-none-eabi-4_9-2015q3/bin/../lib/gcc/arm-none-eabi/4.9.3/../../../../arm-none-eabi/lib/armv7e-m/fpu/libnosys.a(_exit.o)
                              /home/ahmed/.ti/ccsv7/tools/compiler/gcc-arm-none-eabi-4_9-2015q3/bin/../lib/gcc/arm-none-eabi/4.9.3/../../../../arm-none-eabi/lib/armv7e-m/fpu/libg.a(lib_a-exit.o) (_exit)

Memory Configuration

Name             Origin             Length             Attributes
FLASH            0x00000000         0x00040000         xr
SRAM             0x20000000         0x00008000         xw
*default*        0x00000000         0xffffffff

Linker script and memory map

LOAD /home/ahmed/.ti/ccsv7/tools/compiler/gcc-arm-none-eabi-4_9-2015q3/bin/../lib/gcc/arm-none-eabi/4.9.3/armv7e-m/fpu/crti.o
LOAD /home/ahmed/.ti/ccsv7/tools/compiler/gcc-arm-none-eabi-4_9-2015q3/bin/../lib/gcc/arm-none-eabi/4.9.3/armv7e-m/fpu/crtbegin.o
LOAD /home/ahmed/.ti/ccsv7/tools/compiler/gcc-arm-none-eabi-4_9-2015q3/bin/../lib/gcc/arm-none-eabi/4.9.3/../../../../arm-none-eabi/lib/armv7e-m/fpu/crt0.o
LOAD ./main.o
LOAD ./startup_gnu_tm4c123gh6pm.o
                0x00000000                PROVIDE (_intvecs_base_address, 0x0)

.intvecs        0x00000000      0x26c
 *(.intvecs)
 .intvecs       0x00000000      0x26c ./startup_gnu_tm4c123gh6pm.o
                0x00000000                g_pfnVectors
                0x20000000                PROVIDE (_vtable_base_address, 0x20000000)

.vtable
 *(.vtable)

.text           0x0000026c      0x458
 CREATE_OBJECT_SYMBOLS
 *(.text)
 .text          0x0000026c        0x0 /home/ahmed/.ti/ccsv7/tools/compiler/gcc-arm-none-eabi-4_9-2015q3/bin/../lib/gcc/arm-none-eabi/4.9.3/armv7e-m/fpu/crti.o
 .text          0x0000026c       0x5c /home/ahmed/.ti/ccsv7/tools/compiler/gcc-arm-none-eabi-4_9-2015q3/bin/../lib/gcc/arm-none-eabi/4.9.3/armv7e-m/fpu/crtbegin.o
 .text          0x000002c8       0x74 /home/ahmed/.ti/ccsv7/tools/compiler/gcc-arm-none-eabi-4_9-2015q3/bin/../lib/gcc/arm-none-eabi/4.9.3/../../../../arm-none-eabi/lib/armv7e-m/fpu/crt0.o
                0x000002c8                _mainCRTStartup
                0x000002c8                _start
 .text          0x0000033c        0x0 ./main.o
 .text          0x0000033c        0x0 ./startup_gnu_tm4c123gh6pm.o
 .text          0x0000033c        0x0 /home/ahmed/.ti/ccsv7/tools/compiler/gcc-arm-none-eabi-4_9-2015q3/bin/../lib/gcc/arm-none-eabi/4.9.3/../../../../arm-none-eabi/lib/armv7e-m/fpu/libg.a(lib_a-exit.o)
 .text          0x0000033c        0x0 /home/ahmed/.ti/ccsv7/tools/compiler/gcc-arm-none-eabi-4_9-2015q3/bin/../lib/gcc/arm-none-eabi/4.9.3/../../../../arm-none-eabi/lib/armv7e-m/fpu/libg.a(lib_a-impure.o)
 .text          0x0000033c        0x0 /home/ahmed/.ti/ccsv7/tools/compiler/gcc-arm-none-eabi-4_9-2015q3/bin/../lib/gcc/arm-none-eabi/4.9.3/../../../../arm-none-eabi/lib/armv7e-m/fpu/libg.a(lib_a-init.o)
 .text          0x0000033c        0x0 /home/ahmed/.ti/ccsv7/tools/compiler/gcc-arm-none-eabi-4_9-2015q3/bin/../lib/gcc/arm-none-eabi/4.9.3/../../../../arm-none-eabi/lib/armv7e-m/fpu/libg.a(lib_a-memset.o)
 .text          0x0000033c        0x0 /home/ahmed/.ti/ccsv7/tools/compiler/gcc-arm-none-eabi-4_9-2015q3/bin/../lib/gcc/arm-none-eabi/4.9.3/../../../../arm-none-eabi/lib/armv7e-m/fpu/libg.a(lib_a-__call_atexit.o)
 .text          0x0000033c        0x0 /home/ahmed/.ti/ccsv7/tools/compiler/gcc-arm-none-eabi-4_9-2015q3/bin/../lib/gcc/arm-none-eabi/4.9.3/../../../../arm-none-eabi/lib/armv7e-m/fpu/libg.a(lib_a-atexit.o)
 .text          0x0000033c        0x0 /home/ahmed/.ti/ccsv7/tools/compiler/gcc-arm-none-eabi-4_9-2015q3/bin/../lib/gcc/arm-none-eabi/4.9.3/../../../../arm-none-eabi/lib/armv7e-m/fpu/libg.a(lib_a-fini.o)
 .text          0x0000033c        0x0 /home/ahmed/.ti/ccsv7/tools/compiler/gcc-arm-none-eabi-4_9-2015q3/bin/../lib/gcc/arm-none-eabi/4.9.3/../../../../arm-none-eabi/lib/armv7e-m/fpu/libg.a(lib_a-__atexit.o)
 .text          0x0000033c        0x0 /home/ahmed/.ti/ccsv7/tools/compiler/gcc-arm-none-eabi-4_9-2015q3/bin/../lib/gcc/arm-none-eabi/4.9.3/../../../../arm-none-eabi/lib/armv7e-m/fpu/libnosys.a(_exit.o)
 .text          0x0000033c        0x0 /home/ahmed/.ti/ccsv7/tools/compiler/gcc-arm-none-eabi-4_9-2015q3/bin/../lib/gcc/arm-none-eabi/4.9.3/armv7e-m/fpu/crtend.o
 .text          0x0000033c        0x0 /home/ahmed/.ti/ccsv7/tools/compiler/gcc-arm-none-eabi-4_9-2015q3/bin/../lib/gcc/arm-none-eabi/4.9.3/armv7e-m/fpu/crtn.o
 *(.text.*)
 .text.main     0x0000033c       0x10 ./main.o
                0x0000033c                main
 .text.ResetISR
                0x0000034c       0x68 ./startup_gnu_tm4c123gh6pm.o
                0x0000034c                ResetISR
 .text.NmiSR    0x000003b4        0x8 ./startup_gnu_tm4c123gh6pm.o
 .text.FaultISR
                0x000003bc        0x8 ./startup_gnu_tm4c123gh6pm.o
 .text.IntDefaultHandler
                0x000003c4        0x8 ./startup_gnu_tm4c123gh6pm.o
 .text.exit     0x000003cc       0x20 /home/ahmed/.ti/ccsv7/tools/compiler/gcc-arm-none-eabi-4_9-2015q3/bin/../lib/gcc/arm-none-eabi/4.9.3/../../../../arm-none-eabi/lib/armv7e-m/fpu/libg.a(lib_a-exit.o)
                0x000003cc                exit
 .text.__libc_init_array
                0x000003ec       0x50 /home/ahmed/.ti/ccsv7/tools/compiler/gcc-arm-none-eabi-4_9-2015q3/bin/../lib/gcc/arm-none-eabi/4.9.3/../../../../arm-none-eabi/lib/armv7e-m/fpu/libg.a(lib_a-init.o)
                0x000003ec                __libc_init_array
 .text.memset   0x0000043c       0x9c /home/ahmed/.ti/ccsv7/tools/compiler/gcc-arm-none-eabi-4_9-2015q3/bin/../lib/gcc/arm-none-eabi/4.9.3/../../../../arm-none-eabi/lib/armv7e-m/fpu/libg.a(lib_a-memset.o)
                0x0000043c                memset
 .text.startup.register_fini
                0x000004d8       0x14 /home/ahmed/.ti/ccsv7/tools/compiler/gcc-arm-none-eabi-4_9-2015q3/bin/../lib/gcc/arm-none-eabi/4.9.3/../../../../arm-none-eabi/lib/armv7e-m/fpu/libg.a(lib_a-__call_atexit.o)
 .text.__call_exitprocs
                0x000004ec       0xd4 /home/ahmed/.ti/ccsv7/tools/compiler/gcc-arm-none-eabi-4_9-2015q3/bin/../lib/gcc/arm-none-eabi/4.9.3/../../../../arm-none-eabi/lib/armv7e-m/fpu/libg.a(lib_a-__call_atexit.o)
                0x000004ec                __call_exitprocs
 .text.atexit   0x000005c0        0xc /home/ahmed/.ti/ccsv7/tools/compiler/gcc-arm-none-eabi-4_9-2015q3/bin/../lib/gcc/arm-none-eabi/4.9.3/../../../../arm-none-eabi/lib/armv7e-m/fpu/libg.a(lib_a-atexit.o)
                0x000005c0                atexit
 .text.__libc_fini_array
                0x000005cc       0x2c /home/ahmed/.ti/ccsv7/tools/compiler/gcc-arm-none-eabi-4_9-2015q3/bin/../lib/gcc/arm-none-eabi/4.9.3/../../../../arm-none-eabi/lib/armv7e-m/fpu/libg.a(lib_a-fini.o)
                0x000005cc                __libc_fini_array
 .text.__register_exitproc
                0x000005f8       0xa4 /home/ahmed/.ti/ccsv7/tools/compiler/gcc-arm-none-eabi-4_9-2015q3/bin/../lib/gcc/arm-none-eabi/4.9.3/../../../../arm-none-eabi/lib/armv7e-m/fpu/libg.a(lib_a-__atexit.o)
                0x000005f8                __register_exitproc
 .text._exit    0x0000069c        0x4 /home/ahmed/.ti/ccsv7/tools/compiler/gcc-arm-none-eabi-4_9-2015q3/bin/../lib/gcc/arm-none-eabi/4.9.3/../../../../arm-none-eabi/lib/armv7e-m/fpu/libnosys.a(_exit.o)
                0x0000069c                _exit
                0x000006a0                . = ALIGN (0x4)
 *(.ctors)
                0x000006a0                . = ALIGN (0x4)
 *(.dtors)
                0x000006a0                . = ALIGN (0x4)
                0x000006a0                __init_array_start = .
 *(.init_array*)
 .init_array    0x000006a0        0x4 /home/ahmed/.ti/ccsv7/tools/compiler/gcc-arm-none-eabi-4_9-2015q3/bin/../lib/gcc/arm-none-eabi/4.9.3/armv7e-m/fpu/crtbegin.o
 .init_array.00000
                0x000006a4        0x4 /home/ahmed/.ti/ccsv7/tools/compiler/gcc-arm-none-eabi-4_9-2015q3/bin/../lib/gcc/arm-none-eabi/4.9.3/../../../../arm-none-eabi/lib/armv7e-m/fpu/libg.a(lib_a-__call_atexit.o)
                0x000006a8                __init_array_end = .
 *(.init)
 .init          0x000006a8        0x4 /home/ahmed/.ti/ccsv7/tools/compiler/gcc-arm-none-eabi-4_9-2015q3/bin/../lib/gcc/arm-none-eabi/4.9.3/armv7e-m/fpu/crti.o
                0x000006a8                _init
 .init          0x000006ac        0x8 /home/ahmed/.ti/ccsv7/tools/compiler/gcc-arm-none-eabi-4_9-2015q3/bin/../lib/gcc/arm-none-eabi/4.9.3/armv7e-m/fpu/crtn.o
 *(.fini*)
 .fini          0x000006b4        0x4 /home/ahmed/.ti/ccsv7/tools/compiler/gcc-arm-none-eabi-4_9-2015q3/bin/../lib/gcc/arm-none-eabi/4.9.3/armv7e-m/fpu/crti.o
                0x000006b4                _fini
 .fini_array    0x000006b8        0x4 /home/ahmed/.ti/ccsv7/tools/compiler/gcc-arm-none-eabi-4_9-2015q3/bin/../lib/gcc/arm-none-eabi/4.9.3/armv7e-m/fpu/crtbegin.o
 .fini          0x000006bc        0x8 /home/ahmed/.ti/ccsv7/tools/compiler/gcc-arm-none-eabi-4_9-2015q3/bin/../lib/gcc/arm-none-eabi/4.9.3/armv7e-m/fpu/crtn.o
                0x000006c4                PROVIDE (__etext, .)
                0x000006c4                PROVIDE (_etext, .)
                0x000006c4                PROVIDE (etext, .)

.glue_7         0x000006c4        0x0
 .glue_7        0x00000000        0x0 linker stubs

.glue_7t        0x000006c4        0x0
 .glue_7t       0x00000000        0x0 linker stubs

.vfp11_veneer   0x000006c4        0x0
 .vfp11_veneer  0x00000000        0x0 linker stubs

.v4_bx          0x000006c4        0x0
 .v4_bx         0x00000000        0x0 linker stubs

.iplt           0x000006c4        0x0
 .iplt          0x00000000        0x0 /home/ahmed/.ti/ccsv7/tools/compiler/gcc-arm-none-eabi-4_9-2015q3/bin/../lib/gcc/arm-none-eabi/4.9.3/armv7e-m/fpu/crtbegin.o

.rodata         0x000006c4        0x8
 *(.rodata)
 *(.rodata*)
 .rodata.str1.4
                0x000006c4        0x4 /home/ahmed/.ti/ccsv7/tools/compiler/gcc-arm-none-eabi-4_9-2015q3/bin/../lib/gcc/arm-none-eabi/4.9.3/../../../../arm-none-eabi/lib/armv7e-m/fpu/libg.a(lib_a-impure.o)
                                  0x2 (size before relaxing)
 .rodata._global_impure_ptr
                0x000006c8        0x4 /home/ahmed/.ti/ccsv7/tools/compiler/gcc-arm-none-eabi-4_9-2015q3/bin/../lib/gcc/arm-none-eabi/4.9.3/../../../../arm-none-eabi/lib/armv7e-m/fpu/libg.a(lib_a-impure.o)
                0x000006c8                _global_impure_ptr

.eh_frame       0x000006cc        0x4
 .eh_frame      0x000006cc        0x0 /home/ahmed/.ti/ccsv7/tools/compiler/gcc-arm-none-eabi-4_9-2015q3/bin/../lib/gcc/arm-none-eabi/4.9.3/armv7e-m/fpu/crtbegin.o
 .eh_frame      0x000006cc        0x4 /home/ahmed/.ti/ccsv7/tools/compiler/gcc-arm-none-eabi-4_9-2015q3/bin/../lib/gcc/arm-none-eabi/4.9.3/armv7e-m/fpu/crtend.o

.data           0x20000000      0x434 load address 0x000006d0
                0x000006d0                __data_load__ = LOADADDR (.data)
                0x20000000                __data_start__ = .
 *(.data)
 .data          0x20000000        0x0 /home/ahmed/.ti/ccsv7/tools/compiler/gcc-arm-none-eabi-4_9-2015q3/bin/../lib/gcc/arm-none-eabi/4.9.3/armv7e-m/fpu/crti.o
 .data          0x20000000        0x4 /home/ahmed/.ti/ccsv7/tools/compiler/gcc-arm-none-eabi-4_9-2015q3/bin/../lib/gcc/arm-none-eabi/4.9.3/armv7e-m/fpu/crtbegin.o
                0x20000000                __dso_handle
 .data          0x20000004        0x0 /home/ahmed/.ti/ccsv7/tools/compiler/gcc-arm-none-eabi-4_9-2015q3/bin/../lib/gcc/arm-none-eabi/4.9.3/../../../../arm-none-eabi/lib/armv7e-m/fpu/crt0.o
 .data          0x20000004        0x0 ./main.o
 .data          0x20000004        0x0 ./startup_gnu_tm4c123gh6pm.o
 .data          0x20000004        0x0 /home/ahmed/.ti/ccsv7/tools/compiler/gcc-arm-none-eabi-4_9-2015q3/bin/../lib/gcc/arm-none-eabi/4.9.3/../../../../arm-none-eabi/lib/armv7e-m/fpu/libg.a(lib_a-exit.o)
 .data          0x20000004        0x0 /home/ahmed/.ti/ccsv7/tools/compiler/gcc-arm-none-eabi-4_9-2015q3/bin/../lib/gcc/arm-none-eabi/4.9.3/../../../../arm-none-eabi/lib/armv7e-m/fpu/libg.a(lib_a-impure.o)
 .data          0x20000004        0x0 /home/ahmed/.ti/ccsv7/tools/compiler/gcc-arm-none-eabi-4_9-2015q3/bin/../lib/gcc/arm-none-eabi/4.9.3/../../../../arm-none-eabi/lib/armv7e-m/fpu/libg.a(lib_a-init.o)
 .data          0x20000004        0x0 /home/ahmed/.ti/ccsv7/tools/compiler/gcc-arm-none-eabi-4_9-2015q3/bin/../lib/gcc/arm-none-eabi/4.9.3/../../../../arm-none-eabi/lib/armv7e-m/fpu/libg.a(lib_a-memset.o)
 .data          0x20000004        0x0 /home/ahmed/.ti/ccsv7/tools/compiler/gcc-arm-none-eabi-4_9-2015q3/bin/../lib/gcc/arm-none-eabi/4.9.3/../../../../arm-none-eabi/lib/armv7e-m/fpu/libg.a(lib_a-__call_atexit.o)
 .data          0x20000004        0x0 /home/ahmed/.ti/ccsv7/tools/compiler/gcc-arm-none-eabi-4_9-2015q3/bin/../lib/gcc/arm-none-eabi/4.9.3/../../../../arm-none-eabi/lib/armv7e-m/fpu/libg.a(lib_a-atexit.o)
 .data          0x20000004        0x0 /home/ahmed/.ti/ccsv7/tools/compiler/gcc-arm-none-eabi-4_9-2015q3/bin/../lib/gcc/arm-none-eabi/4.9.3/../../../../arm-none-eabi/lib/armv7e-m/fpu/libg.a(lib_a-fini.o)
 .data          0x20000004        0x0 /home/ahmed/.ti/ccsv7/tools/compiler/gcc-arm-none-eabi-4_9-2015q3/bin/../lib/gcc/arm-none-eabi/4.9.3/../../../../arm-none-eabi/lib/armv7e-m/fpu/libg.a(lib_a-__atexit.o)
 .data          0x20000004        0x0 /home/ahmed/.ti/ccsv7/tools/compiler/gcc-arm-none-eabi-4_9-2015q3/bin/../lib/gcc/arm-none-eabi/4.9.3/../../../../arm-none-eabi/lib/armv7e-m/fpu/libnosys.a(_exit.o)
 .data          0x20000004        0x0 /home/ahmed/.ti/ccsv7/tools/compiler/gcc-arm-none-eabi-4_9-2015q3/bin/../lib/gcc/arm-none-eabi/4.9.3/armv7e-m/fpu/crtend.o
 .data          0x20000004        0x0 /home/ahmed/.ti/ccsv7/tools/compiler/gcc-arm-none-eabi-4_9-2015q3/bin/../lib/gcc/arm-none-eabi/4.9.3/armv7e-m/fpu/crtn.o
 *(.data*)
 *fill*         0x20000004        0x4 
 .data.impure_data
                0x20000008      0x428 /home/ahmed/.ti/ccsv7/tools/compiler/gcc-arm-none-eabi-4_9-2015q3/bin/../lib/gcc/arm-none-eabi/4.9.3/../../../../arm-none-eabi/lib/armv7e-m/fpu/libg.a(lib_a-impure.o)
 .data._impure_ptr
                0x20000430        0x4 /home/ahmed/.ti/ccsv7/tools/compiler/gcc-arm-none-eabi-4_9-2015q3/bin/../lib/gcc/arm-none-eabi/4.9.3/../../../../arm-none-eabi/lib/armv7e-m/fpu/libg.a(lib_a-impure.o)
                0x20000430                _impure_ptr
                0x20000434                . = ALIGN (0x4)
                0x20000434                __data_end__ = .

.jcr            0x20000434        0x4 load address 0x00000b04
 .jcr           0x20000434        0x0 /home/ahmed/.ti/ccsv7/tools/compiler/gcc-arm-none-eabi-4_9-2015q3/bin/../lib/gcc/arm-none-eabi/4.9.3/armv7e-m/fpu/crtbegin.o
 .jcr           0x20000434        0x4 /home/ahmed/.ti/ccsv7/tools/compiler/gcc-arm-none-eabi-4_9-2015q3/bin/../lib/gcc/arm-none-eabi/4.9.3/armv7e-m/fpu/crtend.o

.igot.plt       0x20000438        0x0 load address 0x00000b08
 .igot.plt      0x00000000        0x0 /home/ahmed/.ti/ccsv7/tools/compiler/gcc-arm-none-eabi-4_9-2015q3/bin/../lib/gcc/arm-none-eabi/4.9.3/armv7e-m/fpu/crtbegin.o

.ARM.exidx      0x00000b08        0x8
                0x00000b08                __exidx_start = .
 *(.ARM.exidx* .gnu.linkonce.armexidx.*)
 .ARM.exidx     0x00000b08        0x8 /home/ahmed/.ti/ccsv7/tools/compiler/gcc-arm-none-eabi-4_9-2015q3/bin/../lib/gcc/arm-none-eabi/4.9.3/../../../../arm-none-eabi/lib/armv7e-m/fpu/crt0.o
                0x00000b10                __exidx_end = .

.ARM.extab      0x00000b10        0x0
 *(.ARM.extab* .gnu.linkonce.armextab.*)
 .ARM.extab     0x00000b10        0x0 /home/ahmed/.ti/ccsv7/tools/compiler/gcc-arm-none-eabi-4_9-2015q3/bin/../lib/gcc/arm-none-eabi/4.9.3/../../../../arm-none-eabi/lib/armv7e-m/fpu/crt0.o

.rel.dyn        0x00000b10        0x0
 .rel.iplt      0x00000000        0x0 /home/ahmed/.ti/ccsv7/tools/compiler/gcc-arm-none-eabi-4_9-2015q3/bin/../lib/gcc/arm-none-eabi/4.9.3/armv7e-m/fpu/crtbegin.o

.bss            0x20000438      0x21c
                0x20000438                __bss_start__ = .
 *(.shbss)
 *(.bss)
 .bss           0x20000438        0x0 /home/ahmed/.ti/ccsv7/tools/compiler/gcc-arm-none-eabi-4_9-2015q3/bin/../lib/gcc/arm-none-eabi/4.9.3/armv7e-m/fpu/crti.o
 .bss           0x20000438       0x1c /home/ahmed/.ti/ccsv7/tools/compiler/gcc-arm-none-eabi-4_9-2015q3/bin/../lib/gcc/arm-none-eabi/4.9.3/armv7e-m/fpu/crtbegin.o
 .bss           0x20000454        0x0 /home/ahmed/.ti/ccsv7/tools/compiler/gcc-arm-none-eabi-4_9-2015q3/bin/../lib/gcc/arm-none-eabi/4.9.3/../../../../arm-none-eabi/lib/armv7e-m/fpu/crt0.o
 .bss           0x20000454        0x0 ./main.o
 .bss           0x20000454        0x0 ./startup_gnu_tm4c123gh6pm.o
 .bss           0x20000454        0x0 /home/ahmed/.ti/ccsv7/tools/compiler/gcc-arm-none-eabi-4_9-2015q3/bin/../lib/gcc/arm-none-eabi/4.9.3/../../../../arm-none-eabi/lib/armv7e-m/fpu/libg.a(lib_a-exit.o)
 .bss           0x20000454        0x0 /home/ahmed/.ti/ccsv7/tools/compiler/gcc-arm-none-eabi-4_9-2015q3/bin/../lib/gcc/arm-none-eabi/4.9.3/../../../../arm-none-eabi/lib/armv7e-m/fpu/libg.a(lib_a-impure.o)
 .bss           0x20000454        0x0 /home/ahmed/.ti/ccsv7/tools/compiler/gcc-arm-none-eabi-4_9-2015q3/bin/../lib/gcc/arm-none-eabi/4.9.3/../../../../arm-none-eabi/lib/armv7e-m/fpu/libg.a(lib_a-init.o)
 .bss           0x20000454        0x0 /home/ahmed/.ti/ccsv7/tools/compiler/gcc-arm-none-eabi-4_9-2015q3/bin/../lib/gcc/arm-none-eabi/4.9.3/../../../../arm-none-eabi/lib/armv7e-m/fpu/libg.a(lib_a-memset.o)
 .bss           0x20000454        0x0 /home/ahmed/.ti/ccsv7/tools/compiler/gcc-arm-none-eabi-4_9-2015q3/bin/../lib/gcc/arm-none-eabi/4.9.3/../../../../arm-none-eabi/lib/armv7e-m/fpu/libg.a(lib_a-__call_atexit.o)
 .bss           0x20000454        0x0 /home/ahmed/.ti/ccsv7/tools/compiler/gcc-arm-none-eabi-4_9-2015q3/bin/../lib/gcc/arm-none-eabi/4.9.3/../../../../arm-none-eabi/lib/armv7e-m/fpu/libg.a(lib_a-atexit.o)
 .bss           0x20000454        0x0 /home/ahmed/.ti/ccsv7/tools/compiler/gcc-arm-none-eabi-4_9-2015q3/bin/../lib/gcc/arm-none-eabi/4.9.3/../../../../arm-none-eabi/lib/armv7e-m/fpu/libg.a(lib_a-fini.o)
 .bss           0x20000454        0x0 /home/ahmed/.ti/ccsv7/tools/compiler/gcc-arm-none-eabi-4_9-2015q3/bin/../lib/gcc/arm-none-eabi/4.9.3/../../../../arm-none-eabi/lib/armv7e-m/fpu/libg.a(lib_a-__atexit.o)
 .bss           0x20000454        0x0 /home/ahmed/.ti/ccsv7/tools/compiler/gcc-arm-none-eabi-4_9-2015q3/bin/../lib/gcc/arm-none-eabi/4.9.3/../../../../arm-none-eabi/lib/armv7e-m/fpu/libnosys.a(_exit.o)
 .bss           0x20000454        0x0 /home/ahmed/.ti/ccsv7/tools/compiler/gcc-arm-none-eabi-4_9-2015q3/bin/../lib/gcc/arm-none-eabi/4.9.3/armv7e-m/fpu/crtend.o
 .bss           0x20000454        0x0 /home/ahmed/.ti/ccsv7/tools/compiler/gcc-arm-none-eabi-4_9-2015q3/bin/../lib/gcc/arm-none-eabi/4.9.3/armv7e-m/fpu/crtn.o
 *(.bss.*)
 .bss.pui32Stack
                0x20000454      0x200 ./startup_gnu_tm4c123gh6pm.o
 *(COMMON)
                0x20000654                . = ALIGN (0x4)
                0x20000654                __bss_end__ = .

.heap           0x20000654        0x0
                0x20000654                __heap_start__ = .
                0x20000654                end = __heap_start__
                0x20000654                _end = end
                0x20000654                __end = end
 *(.heap)
                0x20000654                __heap_end__ = .
                0x20000654                __HeapLimit = __heap_end__

.stack          0x20000658        0x0
                0x20000658                _stack = .
                0x20000658                __stack = .
 *(.stack)
START GROUP
LOAD /home/ahmed/.ti/ccsv7/tools/compiler/gcc-arm-none-eabi-4_9-2015q3/bin/../lib/gcc/arm-none-eabi/4.9.3/armv7e-m/fpu/libgcc.a
LOAD /home/ahmed/.ti/ccsv7/tools/compiler/gcc-arm-none-eabi-4_9-2015q3/bin/../lib/gcc/arm-none-eabi/4.9.3/../../../../arm-none-eabi/lib/armv7e-m/fpu/libg.a
LOAD /home/ahmed/.ti/ccsv7/tools/compiler/gcc-arm-none-eabi-4_9-2015q3/bin/../lib/gcc/arm-none-eabi/4.9.3/../../../../arm-none-eabi/lib/armv7e-m/fpu/libc.a
END GROUP
START GROUP
LOAD /home/ahmed/.ti/ccsv7/tools/compiler/gcc-arm-none-eabi-4_9-2015q3/bin/../lib/gcc/arm-none-eabi/4.9.3/armv7e-m/fpu/libgcc.a
LOAD /home/ahmed/.ti/ccsv7/tools/compiler/gcc-arm-none-eabi-4_9-2015q3/bin/../lib/gcc/arm-none-eabi/4.9.3/../../../../arm-none-eabi/lib/armv7e-m/fpu/libc.a
LOAD /home/ahmed/.ti/ccsv7/tools/compiler/gcc-arm-none-eabi-4_9-2015q3/bin/../lib/gcc/arm-none-eabi/4.9.3/../../../../arm-none-eabi/lib/armv7e-m/fpu/libnosys.a
END GROUP
LOAD /home/ahmed/.ti/ccsv7/tools/compiler/gcc-arm-none-eabi-4_9-2015q3/bin/../lib/gcc/arm-none-eabi/4.9.3/armv7e-m/fpu/crtend.o
LOAD /home/ahmed/.ti/ccsv7/tools/compiler/gcc-arm-none-eabi-4_9-2015q3/bin/../lib/gcc/arm-none-eabi/4.9.3/armv7e-m/fpu/crtn.o
OUTPUT(ZeeDK UART.out elf32-littlearm)

.ARM.attributes
                0x00000000       0x30
 .ARM.attributes
                0x00000000       0x22 /home/ahmed/.ti/ccsv7/tools/compiler/gcc-arm-none-eabi-4_9-2015q3/bin/../lib/gcc/arm-none-eabi/4.9.3/armv7e-m/fpu/crti.o
 .ARM.attributes
                0x00000022       0x34 /home/ahmed/.ti/ccsv7/tools/compiler/gcc-arm-none-eabi-4_9-2015q3/bin/../lib/gcc/arm-none-eabi/4.9.3/armv7e-m/fpu/crtbegin.o
 .ARM.attributes
                0x00000056       0x20 /home/ahmed/.ti/ccsv7/tools/compiler/gcc-arm-none-eabi-4_9-2015q3/bin/../lib/gcc/arm-none-eabi/4.9.3/../../../../arm-none-eabi/lib/armv7e-m/fpu/crt0.o
 .ARM.attributes
                0x00000076       0x39 ./main.o
 .ARM.attributes
                0x000000af       0x39 ./startup_gnu_tm4c123gh6pm.o
 .ARM.attributes
                0x000000e8       0x34 /home/ahmed/.ti/ccsv7/tools/compiler/gcc-arm-none-eabi-4_9-2015q3/bin/../lib/gcc/arm-none-eabi/4.9.3/../../../../arm-none-eabi/lib/armv7e-m/fpu/libg.a(lib_a-exit.o)
 .ARM.attributes
                0x0000011c       0x34 /home/ahmed/.ti/ccsv7/tools/compiler/gcc-arm-none-eabi-4_9-2015q3/bin/../lib/gcc/arm-none-eabi/4.9.3/../../../../arm-none-eabi/lib/armv7e-m/fpu/libg.a(lib_a-impure.o)
 .ARM.attributes
                0x00000150       0x34 /home/ahmed/.ti/ccsv7/tools/compiler/gcc-arm-none-eabi-4_9-2015q3/bin/../lib/gcc/arm-none-eabi/4.9.3/../../../../arm-none-eabi/lib/armv7e-m/fpu/libg.a(lib_a-init.o)
 .ARM.attributes
                0x00000184       0x34 /home/ahmed/.ti/ccsv7/tools/compiler/gcc-arm-none-eabi-4_9-2015q3/bin/../lib/gcc/arm-none-eabi/4.9.3/../../../../arm-none-eabi/lib/armv7e-m/fpu/libg.a(lib_a-memset.o)
 .ARM.attributes
                0x000001b8       0x34 /home/ahmed/.ti/ccsv7/tools/compiler/gcc-arm-none-eabi-4_9-2015q3/bin/../lib/gcc/arm-none-eabi/4.9.3/../../../../arm-none-eabi/lib/armv7e-m/fpu/libg.a(lib_a-__call_atexit.o)
 .ARM.attributes
                0x000001ec       0x34 /home/ahmed/.ti/ccsv7/tools/compiler/gcc-arm-none-eabi-4_9-2015q3/bin/../lib/gcc/arm-none-eabi/4.9.3/../../../../arm-none-eabi/lib/armv7e-m/fpu/libg.a(lib_a-atexit.o)
 .ARM.attributes
                0x00000220       0x34 /home/ahmed/.ti/ccsv7/tools/compiler/gcc-arm-none-eabi-4_9-2015q3/bin/../lib/gcc/arm-none-eabi/4.9.3/../../../../arm-none-eabi/lib/armv7e-m/fpu/libg.a(lib_a-fini.o)
 .ARM.attributes
                0x00000254       0x34 /home/ahmed/.ti/ccsv7/tools/compiler/gcc-arm-none-eabi-4_9-2015q3/bin/../lib/gcc/arm-none-eabi/4.9.3/../../../../arm-none-eabi/lib/armv7e-m/fpu/libg.a(lib_a-__atexit.o)
 .ARM.attributes
                0x00000288       0x34 /home/ahmed/.ti/ccsv7/tools/compiler/gcc-arm-none-eabi-4_9-2015q3/bin/../lib/gcc/arm-none-eabi/4.9.3/../../../../arm-none-eabi/lib/armv7e-m/fpu/libnosys.a(_exit.o)
 .ARM.attributes
                0x000002bc       0x34 /home/ahmed/.ti/ccsv7/tools/compiler/gcc-arm-none-eabi-4_9-2015q3/bin/../lib/gcc/arm-none-eabi/4.9.3/armv7e-m/fpu/crtend.o
 .ARM.attributes
                0x000002f0       0x22 /home/ahmed/.ti/ccsv7/tools/compiler/gcc-arm-none-eabi-4_9-2015q3/bin/../lib/gcc/arm-none-eabi/4.9.3/armv7e-m/fpu/crtn.o

.comment        0x00000000       0x70
 .comment       0x00000000       0x70 ./main.o
                                 0x71 (size before relaxing)
 .comment       0x00000000       0x71 ./startup_gnu_tm4c123gh6pm.o

.debug_info     0x00000000      0x1ba
 .debug_info    0x00000000       0x44 ./main.o
 .debug_info    0x00000044      0x176 ./startup_gnu_tm4c123gh6pm.o

.debug_abbrev   0x00000000      0x100
 .debug_abbrev  0x00000000       0x36 ./main.o
 .debug_abbrev  0x00000036       0xca ./startup_gnu_tm4c123gh6pm.o

.debug_aranges  0x00000000       0x58
 .debug_aranges
                0x00000000       0x20 ./main.o
 .debug_aranges
                0x00000020       0x38 ./startup_gnu_tm4c123gh6pm.o

.debug_ranges   0x00000000       0x38
 .debug_ranges  0x00000000       0x10 ./main.o
 .debug_ranges  0x00000010       0x28 ./startup_gnu_tm4c123gh6pm.o

.debug_line     0x00000000      0x1a1
 .debug_line    0x00000000       0x39 ./main.o
 .debug_line    0x00000039      0x168 ./startup_gnu_tm4c123gh6pm.o

.debug_str      0x00000000      0x28c
 .debug_str     0x00000000      0x18b ./main.o
 .debug_str     0x0000018b      0x101 ./startup_gnu_tm4c123gh6pm.o
                                0x2ba (size before relaxing)

.debug_frame    0x00000000      0x22c
 .debug_frame   0x00000000       0x30 ./main.o
 .debug_frame   0x00000030       0x7c ./startup_gnu_tm4c123gh6pm.o
 .debug_frame   0x000000ac       0x28 /home/ahmed/.ti/ccsv7/tools/compiler/gcc-arm-none-eabi-4_9-2015q3/bin/../lib/gcc/arm-none-eabi/4.9.3/../../../../arm-none-eabi/lib/armv7e-m/fpu/libg.a(lib_a-exit.o)
 .debug_frame   0x000000d4       0x2c /home/ahmed/.ti/ccsv7/tools/compiler/gcc-arm-none-eabi-4_9-2015q3/bin/../lib/gcc/arm-none-eabi/4.9.3/../../../../arm-none-eabi/lib/armv7e-m/fpu/libg.a(lib_a-init.o)
 .debug_frame   0x00000100       0x34 /home/ahmed/.ti/ccsv7/tools/compiler/gcc-arm-none-eabi-4_9-2015q3/bin/../lib/gcc/arm-none-eabi/4.9.3/../../../../arm-none-eabi/lib/armv7e-m/fpu/libg.a(lib_a-memset.o)
 .debug_frame   0x00000134       0x50 /home/ahmed/.ti/ccsv7/tools/compiler/gcc-arm-none-eabi-4_9-2015q3/bin/../lib/gcc/arm-none-eabi/4.9.3/../../../../arm-none-eabi/lib/armv7e-m/fpu/libg.a(lib_a-__call_atexit.o)
 .debug_frame   0x00000184       0x20 /home/ahmed/.ti/ccsv7/tools/compiler/gcc-arm-none-eabi-4_9-2015q3/bin/../lib/gcc/arm-none-eabi/4.9.3/../../../../arm-none-eabi/lib/armv7e-m/fpu/libg.a(lib_a-atexit.o)
 .debug_frame   0x000001a4       0x34 /home/ahmed/.ti/ccsv7/tools/compiler/gcc-arm-none-eabi-4_9-2015q3/bin/../lib/gcc/arm-none-eabi/4.9.3/../../../../arm-none-eabi/lib/armv7e-m/fpu/libg.a(lib_a-fini.o)
 .debug_frame   0x000001d8       0x34 /home/ahmed/.ti/ccsv7/tools/compiler/gcc-arm-none-eabi-4_9-2015q3/bin/../lib/gcc/arm-none-eabi/4.9.3/../../../../arm-none-eabi/lib/armv7e-m/fpu/libg.a(lib_a-__atexit.o)
 .debug_frame   0x0000020c       0x20 /home/ahmed/.ti/ccsv7/tools/compiler/gcc-arm-none-eabi-4_9-2015q3/bin/../lib/gcc/arm-none-eabi/4.9.3/../../../../arm-none-eabi/lib/armv7e-m/fpu/libnosys.a(_exit.o)
